{"logTime": "0901/112616", "correlationVector":"Ptj/1c4yOvdEU1wjcs6AU8.3","action":"ProcessGetUpdates", "result":"Done", "context":{"dataType":"History", "deleted":"0", "process_failed_to_decrypt":"0", "process_pending_decryption":"0", "process_success":"2", "total":"2"}}
{"logTime": "0901/112616", "correlationVector":"Ptj/1c4yOvdEU1wjcs6AU8.4","action":"GetUpdates Response", "result":"Success", "context":Received 3 update(s). cV=Ptj/1c4yOvdEU1wjcs6AU8.0;server=akswtt004000038;cloudType=Consumer;environment=Prod_westeurope_prod-s01-080-eur-westeurope;migrationStage=NotStarted}
{"logTime": "0901/112922", "correlationVector":"chsbmIBFdOhH1F0YwzMLrv","action":"Normal GetUpdate request", "result":"", "context":cV=chsbmIBFdOhH1F0YwzMLrv
Notified types: History}
{"logTime": "0901/112922", "correlationVector":"chsbmIBFdOhH1F0YwzMLrv.1","action":"SyncServerConnectionManagerRequest", "result":"SYNC_SERVER_OK", "context":{"environment":"Prod_westeurope_prod-s01-079-eur-westeurope", "migrationStage":"NotStarted", "server":"akswtt00400003j"}}
{"logTime": "0901/112922", "correlationVector":"chsbmIBFdOhH1F0YwzMLrv.2","action":"ProcessGetUpdates", "result":"Done", "context":{"dataType":"Sessions", "deleted":"0", "process_failed_to_decrypt":"0", "process_pending_decryption":"0", "process_success":"1", "total":"1"}}
{"logTime": "0901/112922", "correlationVector":"chsbmIBFdOhH1F0YwzMLrv.3","action":"ProcessGetUpdates", "result":"Done", "context":{"dataType":"History", "deleted":"0", "process_failed_to_decrypt":"0", "process_pending_decryption":"0", "process_success":"2", "total":"2"}}
{"logTime": "0901/112922", "correlationVector":"chsbmIBFdOhH1F0YwzMLrv.4","action":"GetUpdates Response", "result":"Success", "context":Received 3 update(s). cV=chsbmIBFdOhH1F0YwzMLrv.0;server=akswtt00400003j;cloudType=Consumer;environment=Prod_westeurope_prod-s01-079-eur-westeurope;migrationStage=NotStarted}
{"logTime": "0901/113219", "correlationVector":"Dk/S8ISnrm1nWshD64i6u5","action":"Normal GetUpdate request", "result":"", "context":cV=Dk/S8ISnrm1nWshD64i6u5
Notified types: History}
{"logTime": "0901/113219", "correlationVector":"Dk/S8ISnrm1nWshD64i6u5.1","action":"SyncServerConnectionManagerRequest", "result":"SYNC_SERVER_OK", "context":{"environment":"Prod_westeurope_prod-s01-080-eur-westeurope", "migrationStage":"NotStarted", "server":"akswtt004000035"}}
{"logTime": "0901/113219", "correlationVector":"Dk/S8ISnrm1nWshD64i6u5.2","action":"ProcessGetUpdates", "result":"Done", "context":{"dataType":"Sessions", "deleted":"0", "process_failed_to_decrypt":"0", "process_pending_decryption":"0", "process_success":"1", "total":"1"}}
{"logTime": "0901/113219", "correlationVector":"Dk/S8ISnrm1nWshD64i6u5.3","action":"ProcessGetUpdates", "result":"Done", "context":{"dataType":"History", "deleted":"0", "process_failed_to_decrypt":"0", "process_pending_decryption":"0", "process_success":"2", "total":"2"}}
{"logTime": "0901/113219", "correlationVector":"Dk/S8ISnrm1nWshD64i6u5.4","action":"GetUpdates Response", "result":"Success", "context":Received 3 update(s). cV=Dk/S8ISnrm1nWshD64i6u5.0;server=akswtt004000035;cloudType=Consumer;environment=Prod_westeurope_prod-s01-080-eur-westeurope;migrationStage=NotStarted}
{"logTime": "0901/113438", "correlationVector":"zypr3aWIF+A/D2W4mTaQRI","action":"Commit Request", "result":"", "context":Item count: 1
Contributing types: Sessions}
{"logTime": "0901/113439", "correlationVector":"zypr3aWIF+A/D2W4mTaQRI.1","action":"SyncServerConnectionManagerRequest", "result":"SYNC_SERVER_OK", "context":{"environment":"Prod_francecentral_prod-s01-062-eur-francecentral", "migrationStage":"NotStarted", "server":"akswtt11700000o"}}
{"logTime": "0901/113439", "correlationVector":"zypr3aWIF+A/D2W4mTaQRI.2","action":"Commit Response", "result":"Success", "context":Result: Success. cV=zypr3aWIF+A/D2W4mTaQRI.0;server=akswtt11700000o;cloudType=Consumer;environment=Prod_francecentral_prod-s01-062-eur-francecentral;migrationStage=NotStarted}
{"logTime": "0901/113620", "correlationVector":"QG1xu6LqiudzuDx4cGGCbk","action":"Normal GetUpdate request", "result":"", "context":cV=QG1xu6LqiudzuDx4cGGCbk
Notified types: History}
{"logTime": "0901/113621", "correlationVector":"QG1xu6LqiudzuDx4cGGCbk.1","action":"SyncServerConnectionManagerRequest", "result":"SYNC_SERVER_OK", "context":{"environment":"Prod_francecentral_prod-s01-062-eur-francecentral", "migrationStage":"NotStarted", "server":"akswtt11700000n"}}
{"logTime": "0901/113621", "correlationVector":"QG1xu6LqiudzuDx4cGGCbk.2","action":"ProcessGetUpdates", "result":"Done", "context":{"dataType":"Sessions", "deleted":"0", "process_failed_to_decrypt":"0", "process_pending_decryption":"0", "process_success":"3", "total":"3"}}
{"logTime": "0901/113621", "correlationVector":"QG1xu6LqiudzuDx4cGGCbk.3","action":"ProcessGetUpdates", "result":"Done", "context":{"dataType":"History", "deleted":"0", "process_failed_to_decrypt":"0", "process_pending_decryption":"0", "process_success":"2", "total":"2"}}
{"logTime": "0901/113621", "correlationVector":"QG1xu6LqiudzuDx4cGGCbk.4","action":"GetUpdates Response", "result":"Success", "context":Received 5 update(s). cV=QG1xu6LqiudzuDx4cGGCbk.0;server=akswtt11700000n;cloudType=Consumer;environment=Prod_francecentral_prod-s01-062-eur-francecentral;migrationStage=NotStarted}
{"logTime": "0901/113823", "correlationVector":"pAQSVWtw/8y7SsVrOe52my","action":"Normal GetUpdate request", "result":"", "context":cV=pAQSVWtw/8y7SsVrOe52my
Notified types: History}
{"logTime": "0901/113823", "correlationVector":"pAQSVWtw/8y7SsVrOe52my.1","action":"SyncServerConnectionManagerRequest", "result":"SYNC_SERVER_OK", "context":{"environment":"Prod_francecentral_prod-s01-062-eur-francecentral", "migrationStage":"NotStarted", "server":"akswtt11700005t"}}
{"logTime": "0901/113823", "correlationVector":"pAQSVWtw/8y7SsVrOe52my.2","action":"ProcessGetUpdates", "result":"Done", "context":{"dataType":"Sessions", "deleted":"0", "process_failed_to_decrypt":"0", "process_pending_decryption":"0", "process_success":"1", "total":"1"}}
{"logTime": "0901/113823", "correlationVector":"pAQSVWtw/8y7SsVrOe52my.3","action":"ProcessGetUpdates", "result":"Done", "context":{"dataType":"History", "deleted":"0", "process_failed_to_decrypt":"0", "process_pending_decryption":"0", "process_success":"2", "total":"2"}}
{"logTime": "0901/113823", "correlationVector":"pAQSVWtw/8y7SsVrOe52my.4","action":"GetUpdates Response", "result":"Success", "context":Received 3 update(s). cV=pAQSVWtw/8y7SsVrOe52my.0;server=akswtt11700005t;cloudType=Consumer;environment=Prod_francecentral_prod-s01-062-eur-francecentral;migrationStage=NotStarted}
{"logTime": "0901/114249", "correlationVector":"eie9/MxrvPmMdGwpQlQ4DD","action":"Normal GetUpdate request", "result":"", "context":cV=eie9/MxrvPmMdGwpQlQ4DD
Notified types: History}
{"logTime": "0901/114249", "correlationVector":"eie9/MxrvPmMdGwpQlQ4DD.1","action":"SyncServerConnectionManagerRequest", "result":"SYNC_SERVER_OK", "context":{"environment":"Prod_westeurope_prod-s01-079-eur-westeurope", "migrationStage":"NotStarted", "server":"akswtt004000009"}}
{"logTime": "0901/114249", "correlationVector":"eie9/MxrvPmMdGwpQlQ4DD.2","action":"ProcessGetUpdates", "result":"Done", "context":{"dataType":"Sessions", "deleted":"0", "process_failed_to_decrypt":"0", "process_pending_decryption":"0", "process_success":"1", "total":"1"}}
{"logTime": "0901/114249", "correlationVector":"eie9/MxrvPmMdGwpQlQ4DD.3","action":"ProcessGetUpdates", "result":"Done", "context":{"dataType":"History", "deleted":"0", "process_failed_to_decrypt":"0", "process_pending_decryption":"0", "process_success":"2", "total":"2"}}
{"logTime": "0901/114249", "correlationVector":"eie9/MxrvPmMdGwpQlQ4DD.4","action":"GetUpdates Response", "result":"Success", "context":Received 3 update(s). cV=eie9/MxrvPmMdGwpQlQ4DD.0;server=akswtt004000009;cloudType=Consumer;environment=Prod_westeurope_prod-s01-079-eur-westeurope;migrationStage=NotStarted}
{"logTime": "0901/114616", "correlationVector":"cPJPlmx0Skeu7JJ2VxCLzf","action":"Normal GetUpdate request", "result":"", "context":cV=cPJPlmx0Skeu7JJ2VxCLzf
Notified types: History}
{"logTime": "0901/114617", "correlationVector":"cPJPlmx0Skeu7JJ2VxCLzf.1","action":"SyncServerConnectionManagerRequest", "result":"SYNC_SERVER_OK", "context":{"environment":"Prod_westeurope_prod-s01-080-eur-westeurope", "migrationStage":"NotStarted", "server":"akswtt004000006"}}
{"logTime": "0901/114617", "correlationVector":"cPJPlmx0Skeu7JJ2VxCLzf.2","action":"ProcessGetUpdates", "result":"Done", "context":{"dataType":"Sessions", "deleted":"0", "process_failed_to_decrypt":"0", "process_pending_decryption":"0", "process_success":"1", "total":"1"}}
{"logTime": "0901/114617", "correlationVector":"cPJPlmx0Skeu7JJ2VxCLzf.3","action":"ProcessGetUpdates", "result":"Done", "context":{"dataType":"History", "deleted":"0", "process_failed_to_decrypt":"0", "process_pending_decryption":"0", "process_success":"2", "total":"2"}}
{"logTime": "0901/114617", "correlationVector":"cPJPlmx0Skeu7JJ2VxCLzf.4","action":"GetUpdates Response", "result":"Success", "context":Received 3 update(s). cV=cPJPlmx0Skeu7JJ2VxCLzf.0;server=akswtt004000006;cloudType=Consumer;environment=Prod_westeurope_prod-s01-080-eur-westeurope;migrationStage=NotStarted}
{"logTime": "0901/114911", "correlationVector":"nA0Sf67XlRBjvpMIsUHijU","action":"Normal GetUpdate request", "result":"", "context":cV=nA0Sf67XlRBjvpMIsUHijU
Notified types: History}
{"logTime": "0901/114912", "correlationVector":"nA0Sf67XlRBjvpMIsUHijU.1","action":"SyncServerConnectionManagerRequest", "result":"SYNC_SERVER_OK", "context":{"environment":"Prod_westeurope_prod-s01-080-eur-westeurope", "migrationStage":"NotStarted", "server":"akswtt00400003b"}}
{"logTime": "0901/114912", "correlationVector":"nA0Sf67XlRBjvpMIsUHijU.2","action":"ProcessGetUpdates", "result":"Done", "context":{"dataType":"Sessions", "deleted":"0", "process_failed_to_decrypt":"0", "process_pending_decryption":"0", "process_success":"1", "total":"1"}}
{"logTime": "0901/114912", "correlationVector":"nA0Sf67XlRBjvpMIsUHijU.3","action":"ProcessGetUpdates", "result":"Done", "context":{"dataType":"History", "deleted":"0", "process_failed_to_decrypt":"0", "process_pending_decryption":"0", "process_success":"2", "total":"2"}}
{"logTime": "0901/114912", "correlationVector":"nA0Sf67XlRBjvpMIsUHijU.4","action":"GetUpdates Response", "result":"Success", "context":Received 3 update(s). cV=nA0Sf67XlRBjvpMIsUHijU.0;server=akswtt00400003b;cloudType=Consumer;environment=Prod_westeurope_prod-s01-080-eur-westeurope;migrationStage=NotStarted}
{"logTime": "0901/115117", "correlationVector":"Rvoe6mIlFjuMw5BDumEPjo","action":"Normal GetUpdate request", "result":"", "context":cV=Rvoe6mIlFjuMw5BDumEPjo
Notified types: History}
{"logTime": "0901/115118", "correlationVector":"Rvoe6mIlFjuMw5BDumEPjo.1","action":"SyncServerConnectionManagerRequest", "result":"SYNC_SERVER_OK", "context":{"environment":"Prod_westeurope_prod-s01-080-eur-westeurope", "migrationStage":"NotStarted", "server":"akswtt00400002r"}}
{"logTime": "0901/115118", "correlationVector":"Rvoe6mIlFjuMw5BDumEPjo.2","action":"ProcessGetUpdates", "result":"Done", "context":{"dataType":"Sessions", "deleted":"0", "process_failed_to_decrypt":"0", "process_pending_decryption":"0", "process_success":"1", "total":"1"}}
{"logTime": "0901/115118", "correlationVector":"Rvoe6mIlFjuMw5BDumEPjo.3","action":"ProcessGetUpdates", "result":"Done", "context":{"dataType":"History", "deleted":"0", "process_failed_to_decrypt":"0", "process_pending_decryption":"0", "process_success":"2", "total":"2"}}
{"logTime": "0901/115118", "correlationVector":"Rvoe6mIlFjuMw5BDumEPjo.4","action":"GetUpdates Response", "result":"Success", "context":Received 3 update(s). cV=Rvoe6mIlFjuMw5BDumEPjo.0;server=akswtt00400002r;cloudType=Consumer;environment=Prod_westeurope_prod-s01-080-eur-westeurope;migrationStage=NotStarted}
{"logTime": "0901/115533", "correlationVector":"a9BlGcc5PH4QKJR5XEdnXU","action":"Normal GetUpdate request", "result":"", "context":cV=a9BlGcc5PH4QKJR5XEdnXU
Notified types: History}
{"logTime": "0901/115534", "correlationVector":"a9BlGcc5PH4QKJR5XEdnXU.1","action":"SyncServerConnectionManagerRequest", "result":"SYNC_SERVER_OK", "context":{"environment":"Prod_francecentral_prod-s01-062-eur-francecentral", "migrationStage":"NotStarted", "server":"akswtt117000002"}}
{"logTime": "0901/115534", "correlationVector":"a9BlGcc5PH4QKJR5XEdnXU.2","action":"ProcessGetUpdates", "result":"Done", "context":{"dataType":"Sessions", "deleted":"0", "process_failed_to_decrypt":"0", "process_pending_decryption":"0", "process_success":"1", "total":"1"}}
{"logTime": "0901/115534", "correlationVector":"a9BlGcc5PH4QKJR5XEdnXU.3","action":"ProcessGetUpdates", "result":"Done", "context":{"dataType":"History", "deleted":"0", "process_failed_to_decrypt":"0", "process_pending_decryption":"0", "process_success":"2", "total":"2"}}
{"logTime": "0901/115534", "correlationVector":"a9BlGcc5PH4QKJR5XEdnXU.4","action":"GetUpdates Response", "result":"Success", "context":Received 3 update(s). cV=a9BlGcc5PH4QKJR5XEdnXU.0;server=akswtt117000002;cloudType=Consumer;environment=Prod_francecentral_prod-s01-062-eur-francecentral;migrationStage=NotStarted}
{"logTime": "0901/120452", "correlationVector":"3lmUnL1L9hVFXtLBh9PtTw","action":"Normal GetUpdate request", "result":"", "context":cV=3lmUnL1L9hVFXtLBh9PtTw
Notified types: Device Info}
{"logTime": "0901/120452", "correlationVector":"3lmUnL1L9hVFXtLBh9PtTw.1","action":"SyncServerConnectionManagerRequest", "result":"SYNC_SERVER_OK", "context":{"environment":"Prod_westeurope_prod-s01-080-eur-westeurope", "migrationStage":"NotStarted", "server":"akswtt004000030"}}
{"logTime": "0901/120452", "correlationVector":"3lmUnL1L9hVFXtLBh9PtTw.2","action":"ProcessGetUpdates", "result":"Done", "context":{"dataType":"Device Info", "deleted":"0", "process_failed_to_decrypt":"0", "process_pending_decryption":"0", "process_success":"1", "total":"1"}}
{"logTime": "0901/120452", "correlationVector":"3lmUnL1L9hVFXtLBh9PtTw.3","action":"GetUpdates Response", "result":"Success", "context":Received 1 update(s). cV=3lmUnL1L9hVFXtLBh9PtTw.0;server=akswtt004000030;cloudType=Consumer;environment=Prod_westeurope_prod-s01-080-eur-westeurope;migrationStage=NotStarted}
{"logTime": "0901/120457", "correlationVector":"GaJz2u9AtwP2NC/EFfrgtb","action":"Normal GetUpdate request", "result":"", "context":cV=GaJz2u9AtwP2NC/EFfrgtb
Notified types: Device Info}
{"logTime": "0901/120458", "correlationVector":"GaJz2u9AtwP2NC/EFfrgtb.1","action":"SyncServerConnectionManagerRequest", "result":"SYNC_SERVER_OK", "context":{"environment":"Prod_westeurope_prod-s01-080-eur-westeurope", "migrationStage":"NotStarted", "server":"akswtt004000001"}}
{"logTime": "0901/120458", "correlationVector":"GaJz2u9AtwP2NC/EFfrgtb.2","action":"ProcessGetUpdates", "result":"Done", "context":{"dataType":"Preferences", "deleted":"0", "process_failed_to_decrypt":"0", "process_pending_decryption":"0", "process_success":"1", "total":"1"}}
{"logTime": "0901/120458", "correlationVector":"GaJz2u9AtwP2NC/EFfrgtb.3","action":"ProcessGetUpdates", "result":"Done", "context":{"dataType":"Device Info", "deleted":"0", "process_failed_to_decrypt":"0", "process_pending_decryption":"0", "process_success":"1", "total":"1"}}
{"logTime": "0901/120458", "correlationVector":"GaJz2u9AtwP2NC/EFfrgtb.4","action":"GetUpdates Response", "result":"Success", "context":Received 2 update(s). cV=GaJz2u9AtwP2NC/EFfrgtb.0;server=akswtt004000001;cloudType=Consumer;environment=Prod_westeurope_prod-s01-080-eur-westeurope;migrationStage=NotStarted}
{"logTime": "0901/123803", "correlationVector":"WVP2SykxVNjWbpw0rFGz+I","action":"Commit Request", "result":"", "context":Item count: 1
Contributing types: Sessions}
{"logTime": "0901/123803", "correlationVector":"WVP2SykxVNjWbpw0rFGz+I.1","action":"SyncServerConnectionManagerRequest", "result":"SYNC_SERVER_OK", "context":{"environment":"Prod_westeurope_prod-s01-079-eur-westeurope", "migrationStage":"NotStarted", "server":"akswtt004000037"}}
{"logTime": "0901/123803", "correlationVector":"WVP2SykxVNjWbpw0rFGz+I.2","action":"Commit Response", "result":"Success", "context":Result: Success. cV=WVP2SykxVNjWbpw0rFGz+I.0;server=akswtt004000037;cloudType=Consumer;environment=Prod_westeurope_prod-s01-079-eur-westeurope;migrationStage=NotStarted}
{"logTime": "0901/125905", "correlationVector":"+h6x7ViSHIezdIFkl+52PL","action":"Commit Request", "result":"", "context":Item count: 1
Contributing types: Sessions}
{"logTime": "0901/125905", "correlationVector":"+h6x7ViSHIezdIFkl+52PL.1","action":"SyncServerConnectionManagerRequest", "result":"SYNC_SERVER_OK", "context":{"environment":"Prod_westeurope_prod-s01-079-eur-westeurope", "migrationStage":"NotStarted", "server":"akswtt00400000d"}}
{"logTime": "0901/125905", "correlationVector":"+h6x7ViSHIezdIFkl+52PL.2","action":"Commit Response", "result":"Success", "context":Result: Success. cV=+h6x7ViSHIezdIFkl+52PL.0;server=akswtt00400000d;cloudType=Consumer;environment=Prod_westeurope_prod-s01-079-eur-westeurope;migrationStage=NotStarted}
{"logTime": "0901/125908", "correlationVector":"ypvtJqsKThGgP+/pBfEj8m","action":"Normal GetUpdate request", "result":"", "context":cV=ypvtJqsKThGgP+/pBfEj8m
Notified types: History}
{"logTime": "0901/125908", "correlationVector":"ypvtJqsKThGgP+/pBfEj8m.1","action":"SyncServerConnectionManagerRequest", "result":"SYNC_SERVER_OK", "context":{"environment":"Prod_westeurope_prod-s01-079-eur-westeurope", "migrationStage":"NotStarted", "server":"akswtt004000009"}}
{"logTime": "0901/125908", "correlationVector":"ypvtJqsKThGgP+/pBfEj8m.2","action":"ProcessGetUpdates", "result":"Done", "context":{"dataType":"Sessions", "deleted":"1", "process_failed_to_decrypt":"0", "process_pending_decryption":"0", "process_success":"4", "total":"4"}}
{"logTime": "0901/125908", "correlationVector":"ypvtJqsKThGgP+/pBfEj8m.3","action":"ProcessGetUpdates", "result":"Done", "context":{"dataType":"History", "deleted":"0", "process_failed_to_decrypt":"0", "process_pending_decryption":"0", "process_success":"1", "total":"1"}}
{"logTime": "0901/125908", "correlationVector":"ypvtJqsKThGgP+/pBfEj8m.4","action":"GetUpdates Response", "result":"Success", "context":Received 5 update(s). cV=ypvtJqsKThGgP+/pBfEj8m.0;server=akswtt004000009;cloudType=Consumer;environment=Prod_westeurope_prod-s01-079-eur-westeurope;migrationStage=NotStarted}
{"logTime": "0901/130023", "correlationVector":"OjR4HmsVeH2WB/AIlgH8TG","action":"Normal GetUpdate request", "result":"", "context":cV=OjR4HmsVeH2WB/AIlgH8TG
Notified types: History}
{"logTime": "0901/130023", "correlationVector":"OjR4HmsVeH2WB/AIlgH8TG.1","action":"SyncServerConnectionManagerRequest", "result":"SYNC_SERVER_OK", "context":{"environment":"Prod_germanywestcentral_prod-s01-010-eur-germanywestcentral", "migrationStage":"NotStarted", "server":"akswtt0040000bz"}}
{"logTime": "0901/130023", "correlationVector":"OjR4HmsVeH2WB/AIlgH8TG.2","action":"ProcessGetUpdates", "result":"Done", "context":{"dataType":"Sessions", "deleted":"1", "process_failed_to_decrypt":"0", "process_pending_decryption":"0", "process_success":"3", "total":"3"}}
{"logTime": "0901/130023", "correlationVector":"OjR4HmsVeH2WB/AIlgH8TG.3","action":"ProcessGetUpdates", "result":"Done", "context":{"dataType":"History", "deleted":"0", "process_failed_to_decrypt":"0", "process_pending_decryption":"0", "process_success":"1", "total":"1"}}
{"logTime": "0901/130023", "correlationVector":"OjR4HmsVeH2WB/AIlgH8TG.4","action":"GetUpdates Response", "result":"Success", "context":Received 4 update(s). cV=OjR4HmsVeH2WB/AIlgH8TG.0;server=akswtt0040000bz;cloudType=Consumer;environment=Prod_germanywestcentral_prod-s01-010-eur-germanywestcentral;migrationStage=NotStarted}
{"logTime": "0901/131653", "correlationVector":"zBQrIP79vINqvElL5b02ET","action":"Normal GetUpdate request", "result":"", "context":cV=zBQrIP79vINqvElL5b02ET
Notified types: History}
{"logTime": "0901/131654", "correlationVector":"zBQrIP79vINqvElL5b02ET.1","action":"SyncServerConnectionManagerRequest", "result":"SYNC_SERVER_OK", "context":{"environment":"Prod_westeurope_prod-s01-079-eur-westeurope", "migrationStage":"NotStarted", "server":"akswtt00400000g"}}
{"logTime": "0901/131654", "correlationVector":"zBQrIP79vINqvElL5b02ET.2","action":"ProcessGetUpdates", "result":"Done", "context":{"dataType":"Sessions", "deleted":"0", "process_failed_to_decrypt":"0", "process_pending_decryption":"0", "process_success":"2", "total":"2"}}
{"logTime": "0901/131654", "correlationVector":"zBQrIP79vINqvElL5b02ET.3","action":"ProcessGetUpdates", "result":"Done", "context":{"dataType":"History", "deleted":"0", "process_failed_to_decrypt":"0", "process_pending_decryption":"0", "process_success":"3", "total":"3"}}
{"logTime": "0901/131654", "correlationVector":"zBQrIP79vINqvElL5b02ET.4","action":"GetUpdates Response", "result":"Success", "context":Received 5 update(s). cV=zBQrIP79vINqvElL5b02ET.0;server=akswtt00400000g;cloudType=Consumer;environment=Prod_westeurope_prod-s01-079-eur-westeurope;migrationStage=NotStarted}
{"logTime": "0901/134053", "correlationVector":"W550+xPOovKsGrq/lOfWWC","action":"Normal GetUpdate request", "result":"", "context":cV=W550+xPOovKsGrq/lOfWWC
Nudged types: Sessions
Notified types: Device Info, History}
{"logTime": "0901/134053", "correlationVector":"W550+xPOovKsGrq/lOfWWC.1","action":"SyncServerConnectionManagerRequest", "result":"SYNC_SERVER_OK", "context":{"environment":"Prod_germanywestcentral_prod-s01-010-eur-germanywestcentral", "migrationStage":"NotStarted", "server":"akswtt0040000bi"}}
{"logTime": "0901/134053", "correlationVector":"W550+xPOovKsGrq/lOfWWC.2","action":"ProcessGetUpdates", "result":"Done", "context":{"dataType":"Preferences", "deleted":"0", "process_failed_to_decrypt":"0", "process_pending_decryption":"0", "process_success":"1", "total":"1"}}
{"logTime": "0901/134053", "correlationVector":"W550+xPOovKsGrq/lOfWWC.3","action":"ProcessGetUpdates", "result":"Done", "context":{"dataType":"Sessions", "deleted":"1", "process_failed_to_decrypt":"0", "process_pending_decryption":"0", "process_success":"4", "total":"4"}}
{"logTime": "0901/134053", "correlationVector":"W550+xPOovKsGrq/lOfWWC.4","action":"ProcessGetUpdates", "result":"Done", "context":{"dataType":"Device Info", "deleted":"0", "process_failed_to_decrypt":"0", "process_pending_decryption":"0", "process_success":"1", "total":"1"}}
{"logTime": "0901/134053", "correlationVector":"W550+xPOovKsGrq/lOfWWC.5","action":"ProcessGetUpdates", "result":"Done", "context":{"dataType":"History", "deleted":"0", "process_failed_to_decrypt":"0", "process_pending_decryption":"0", "process_success":"1", "total":"1"}}
{"logTime": "0901/134053", "correlationVector":"W550+xPOovKsGrq/lOfWWC.6","action":"GetUpdates Response", "result":"Success", "context":Received 7 update(s). cV=W550+xPOovKsGrq/lOfWWC.0;server=akswtt0040000bi;cloudType=Consumer;environment=Prod_germanywestcentral_prod-s01-010-eur-germanywestcentral;migrationStage=NotStarted}
{"logTime": "0901/134053", "correlationVector":"5dBgKw1opm88JnwDZcSGTS","action":"Commit Request", "result":"", "context":Item count: 1
Contributing types: Sessions}
{"logTime": "0901/134054", "correlationVector":"5dBgKw1opm88JnwDZcSGTS.1","action":"SyncServerConnectionManagerRequest", "result":"SYNC_SERVER_OK", "context":{"environment":"Prod_germanywestcentral_prod-s01-010-eur-germanywestcentral", "migrationStage":"NotStarted", "server":"akswtt004000008"}}
{"logTime": "0901/134054", "correlationVector":"5dBgKw1opm88JnwDZcSGTS.2","action":"Commit Response", "result":"Success", "context":Result: Success. cV=5dBgKw1opm88JnwDZcSGTS.0;server=akswtt004000008;cloudType=Consumer;environment=Prod_germanywestcentral_prod-s01-010-eur-germanywestcentral;migrationStage=NotStarted}
{"logTime": "0901/134402", "correlationVector":"sjbeYfRQ6Bcnq7GxLr8qS2","action":"Normal GetUpdate request", "result":"", "context":cV=sjbeYfRQ6Bcnq7GxLr8qS2
Notified types: History}
{"logTime": "0901/134402", "correlationVector":"sjbeYfRQ6Bcnq7GxLr8qS2.1","action":"SyncServerConnectionManagerRequest", "result":"SYNC_SERVER_OK", "context":{"environment":"Prod_westeurope_prod-s01-079-eur-westeurope", "migrationStage":"NotStarted", "server":"akswtt00400002x"}}
{"logTime": "0901/134402", "correlationVector":"sjbeYfRQ6Bcnq7GxLr8qS2.2","action":"ProcessGetUpdates", "result":"Done", "context":{"dataType":"Sessions", "deleted":"0", "process_failed_to_decrypt":"0", "process_pending_decryption":"0", "process_success":"2", "total":"2"}}
{"logTime": "0901/134402", "correlationVector":"sjbeYfRQ6Bcnq7GxLr8qS2.3","action":"ProcessGetUpdates", "result":"Done", "context":{"dataType":"History", "deleted":"0", "process_failed_to_decrypt":"0", "process_pending_decryption":"0", "process_success":"2", "total":"2"}}
{"logTime": "0901/134402", "correlationVector":"sjbeYfRQ6Bcnq7GxLr8qS2.4","action":"GetUpdates Response", "result":"Success", "context":Received 4 update(s). cV=sjbeYfRQ6Bcnq7GxLr8qS2.0;server=akswtt00400002x;cloudType=Consumer;environment=Prod_westeurope_prod-s01-079-eur-westeurope;migrationStage=NotStarted}
{"logTime": "0901/135348", "correlationVector":"gMkWWqzO8XatAF5tvkDtYT","action":"Normal GetUpdate request", "result":"", "context":cV=gMkWWqzO8XatAF5tvkDtYT
Notified types: History}
{"logTime": "0901/135348", "correlationVector":"gMkWWqzO8XatAF5tvkDtYT.1","action":"SyncServerConnectionManagerRequest", "result":"SYNC_SERVER_OK", "context":{"environment":"Prod_germanywestcentral_prod-s01-011-eur-germanywestcentral", "migrationStage":"NotStarted", "server":"akswtt103000081"}}
{"logTime": "0901/135348", "correlationVector":"gMkWWqzO8XatAF5tvkDtYT.2","action":"ProcessGetUpdates", "result":"Done", "context":{"dataType":"Sessions", "deleted":"0", "process_failed_to_decrypt":"0", "process_pending_decryption":"0", "process_success":"1", "total":"1"}}
{"logTime": "0901/135348", "correlationVector":"gMkWWqzO8XatAF5tvkDtYT.3","action":"ProcessGetUpdates", "result":"Done", "context":{"dataType":"History", "deleted":"0", "process_failed_to_decrypt":"0", "process_pending_decryption":"0", "process_success":"2", "total":"2"}}
{"logTime": "0901/135348", "correlationVector":"gMkWWqzO8XatAF5tvkDtYT.4","action":"GetUpdates Response", "result":"Success", "context":Received 3 update(s). cV=gMkWWqzO8XatAF5tvkDtYT.0;server=akswtt103000081;cloudType=Consumer;environment=Prod_germanywestcentral_prod-s01-011-eur-germanywestcentral;migrationStage=NotStarted}
{"logTime": "0901/140251", "correlationVector":"xwOAC1SR2aSS8JeUZAEKH5","action":"Normal GetUpdate request", "result":"", "context":cV=xwOAC1SR2aSS8JeUZAEKH5
Notified types: Device Info, History}
{"logTime": "0901/140251", "correlationVector":"xwOAC1SR2aSS8JeUZAEKH5.1","action":"SyncServerConnectionManagerRequest", "result":"SYNC_SERVER_OK", "context":{"environment":"Prod_germanywestcentral_prod-s01-011-eur-germanywestcentral", "migrationStage":"NotStarted", "server":"akswtt10300008d"}}
{"logTime": "0901/140251", "correlationVector":"xwOAC1SR2aSS8JeUZAEKH5.2","action":"ProcessGetUpdates", "result":"Done", "context":{"dataType":"Preferences", "deleted":"0", "process_failed_to_decrypt":"0", "process_pending_decryption":"0", "process_success":"1", "total":"1"}}
{"logTime": "0901/140251", "correlationVector":"xwOAC1SR2aSS8JeUZAEKH5.3","action":"ProcessGetUpdates", "result":"Done", "context":{"dataType":"Sessions", "deleted":"1", "process_failed_to_decrypt":"0", "process_pending_decryption":"0", "process_success":"3", "total":"3"}}
{"logTime": "0901/140251", "correlationVector":"xwOAC1SR2aSS8JeUZAEKH5.4","action":"ProcessGetUpdates", "result":"Done", "context":{"dataType":"Device Info", "deleted":"0", "process_failed_to_decrypt":"0", "process_pending_decryption":"0", "process_success":"1", "total":"1"}}
{"logTime": "0901/140251", "correlationVector":"xwOAC1SR2aSS8JeUZAEKH5.5","action":"ProcessGetUpdates", "result":"Done", "context":{"dataType":"History", "deleted":"0", "process_failed_to_decrypt":"0", "process_pending_decryption":"0", "process_success":"1", "total":"1"}}
{"logTime": "0901/140251", "correlationVector":"xwOAC1SR2aSS8JeUZAEKH5.6","action":"GetUpdates Response", "result":"Success", "context":Received 6 update(s). cV=xwOAC1SR2aSS8JeUZAEKH5.0;server=akswtt10300008d;cloudType=Consumer;environment=Prod_germanywestcentral_prod-s01-011-eur-germanywestcentral;migrationStage=NotStarted}
{"logTime": "0901/140622", "correlationVector":"xrm5T48pPnkzpVKCctx8KD","action":"Normal GetUpdate request", "result":"", "context":cV=xrm5T48pPnkzpVKCctx8KD
Notified types: History}
{"logTime": "0901/140623", "correlationVector":"xrm5T48pPnkzpVKCctx8KD.1","action":"SyncServerConnectionManagerRequest", "result":"SYNC_SERVER_OK", "context":{"environment":"Prod_westeurope_prod-s01-080-eur-westeurope", "migrationStage":"NotStarted", "server":"akswtt00400002y"}}
{"logTime": "0901/140623", "correlationVector":"xrm5T48pPnkzpVKCctx8KD.2","action":"ProcessGetUpdates", "result":"Done", "context":{"dataType":"Sessions", "deleted":"0", "process_failed_to_decrypt":"0", "process_pending_decryption":"0", "process_success":"1", "total":"1"}}
{"logTime": "0901/140623", "correlationVector":"xrm5T48pPnkzpVKCctx8KD.3","action":"ProcessGetUpdates", "result":"Done", "context":{"dataType":"History", "deleted":"0", "process_failed_to_decrypt":"0", "process_pending_decryption":"0", "process_success":"2", "total":"2"}}
{"logTime": "0901/140623", "correlationVector":"xrm5T48pPnkzpVKCctx8KD.4","action":"GetUpdates Response", "result":"Success", "context":Received 3 update(s). cV=xrm5T48pPnkzpVKCctx8KD.0;server=akswtt00400002y;cloudType=Consumer;environment=Prod_westeurope_prod-s01-080-eur-westeurope;migrationStage=NotStarted}
{"logTime": "0901/140954", "correlationVector":"9KXGL/+K0GRl1J+wuW3eFF","action":"Normal GetUpdate request", "result":"", "context":cV=9KXGL/+K0GRl1J+wuW3eFF
Notified types: History}
{"logTime": "0901/140954", "correlationVector":"9KXGL/+K0GRl1J+wuW3eFF.1","action":"SyncServerConnectionManagerRequest", "result":"SYNC_SERVER_OK", "context":{"environment":"Prod_westeurope_prod-s01-079-eur-westeurope", "migrationStage":"NotStarted", "server":"akswtt004000034"}}
{"logTime": "0901/140954", "correlationVector":"9KXGL/+K0GRl1J+wuW3eFF.2","action":"ProcessGetUpdates", "result":"Done", "context":{"dataType":"Sessions", "deleted":"0", "process_failed_to_decrypt":"0", "process_pending_decryption":"0", "process_success":"2", "total":"2"}}
{"logTime": "0901/140954", "correlationVector":"9KXGL/+K0GRl1J+wuW3eFF.3","action":"ProcessGetUpdates", "result":"Done", "context":{"dataType":"History", "deleted":"0", "process_failed_to_decrypt":"0", "process_pending_decryption":"0", "process_success":"2", "total":"2"}}
{"logTime": "0901/140954", "correlationVector":"9KXGL/+K0GRl1J+wuW3eFF.4","action":"GetUpdates Response", "result":"Success", "context":Received 4 update(s). cV=9KXGL/+K0GRl1J+wuW3eFF.0;server=akswtt004000034;cloudType=Consumer;environment=Prod_westeurope_prod-s01-079-eur-westeurope;migrationStage=NotStarted}
{"logTime": "0901/141358", "correlationVector":"H8OYA8tZofD4BbAPEJk/Ho","action":"Normal GetUpdate request", "result":"", "context":cV=H8OYA8tZofD4BbAPEJk/Ho
Notified types: History}
{"logTime": "0901/141358", "correlationVector":"H8OYA8tZofD4BbAPEJk/Ho.1","action":"SyncServerConnectionManagerRequest", "result":"SYNC_SERVER_OK", "context":{"environment":"Prod_francecentral_prod-s01-062-eur-francecentral", "migrationStage":"NotStarted", "server":"akswtt11700005q"}}
{"logTime": "0901/141358", "correlationVector":"H8OYA8tZofD4BbAPEJk/Ho.2","action":"ProcessGetUpdates", "result":"Done", "context":{"dataType":"Sessions", "deleted":"0", "process_failed_to_decrypt":"0", "process_pending_decryption":"0", "process_success":"1", "total":"1"}}
{"logTime": "0901/141358", "correlationVector":"H8OYA8tZofD4BbAPEJk/Ho.3","action":"ProcessGetUpdates", "result":"Done", "context":{"dataType":"History", "deleted":"0", "process_failed_to_decrypt":"0", "process_pending_decryption":"0", "process_success":"2", "total":"2"}}
{"logTime": "0901/141358", "correlationVector":"H8OYA8tZofD4BbAPEJk/Ho.4","action":"GetUpdates Response", "result":"Success", "context":Received 3 update(s). cV=H8OYA8tZofD4BbAPEJk/Ho.0;server=akswtt11700005q;cloudType=Consumer;environment=Prod_francecentral_prod-s01-062-eur-francecentral;migrationStage=NotStarted}
{"logTime": "0901/141638", "correlationVector":"1g9Bq9ivvdiZj8m4Vj5sj+","action":"Normal GetUpdate request", "result":"", "context":cV=1g9Bq9ivvdiZj8m4Vj5sj+
Notified types: History}
{"logTime": "0901/141639", "correlationVector":"1g9Bq9ivvdiZj8m4Vj5sj+.1","action":"SyncServerConnectionManagerRequest", "result":"SYNC_SERVER_OK", "context":{"environment":"Prod_germanywestcentral_prod-s01-011-eur-germanywestcentral", "migrationStage":"NotStarted", "server":"akswtt1030000aq"}}
{"logTime": "0901/141639", "correlationVector":"1g9Bq9ivvdiZj8m4Vj5sj+.2","action":"ProcessGetUpdates", "result":"Done", "context":{"dataType":"Sessions", "deleted":"0", "process_failed_to_decrypt":"0", "process_pending_decryption":"0", "process_success":"1", "total":"1"}}
{"logTime": "0901/141639", "correlationVector":"1g9Bq9ivvdiZj8m4Vj5sj+.3","action":"ProcessGetUpdates", "result":"Done", "context":{"dataType":"History", "deleted":"0", "process_failed_to_decrypt":"0", "process_pending_decryption":"0", "process_success":"2", "total":"2"}}
{"logTime": "0901/141639", "correlationVector":"1g9Bq9ivvdiZj8m4Vj5sj+.4","action":"GetUpdates Response", "result":"Success", "context":Received 3 update(s). cV=1g9Bq9ivvdiZj8m4Vj5sj+.0;server=akswtt1030000aq;cloudType=Consumer;environment=Prod_germanywestcentral_prod-s01-011-eur-germanywestcentral;migrationStage=NotStarted}
{"logTime": "0901/141744", "correlationVector":"uwwZfvowxvzc4BonfrBYr8","action":"Normal GetUpdate request", "result":"", "context":cV=uwwZfvowxvzc4BonfrBYr8
Notified types: History}
{"logTime": "0901/141745", "correlationVector":"uwwZfvowxvzc4BonfrBYr8.1","action":"SyncServerConnectionManagerRequest", "result":"SYNC_SERVER_OK", "context":{"environment":"Prod_germanywestcentral_prod-s01-010-eur-germanywestcentral", "migrationStage":"NotStarted", "server":"akswtt0040000ba"}}
{"logTime": "0901/141745", "correlationVector":"uwwZfvowxvzc4BonfrBYr8.2","action":"ProcessGetUpdates", "result":"Done", "context":{"dataType":"Sessions", "deleted":"0", "process_failed_to_decrypt":"0", "process_pending_decryption":"0", "process_success":"2", "total":"2"}}
{"logTime": "0901/141745", "correlationVector":"uwwZfvowxvzc4BonfrBYr8.3","action":"ProcessGetUpdates", "result":"Done", "context":{"dataType":"History", "deleted":"0", "process_failed_to_decrypt":"0", "process_pending_decryption":"0", "process_success":"2", "total":"2"}}
{"logTime": "0901/141745", "correlationVector":"uwwZfvowxvzc4BonfrBYr8.4","action":"GetUpdates Response", "result":"Success", "context":Received 4 update(s). cV=uwwZfvowxvzc4BonfrBYr8.0;server=akswtt0040000ba;cloudType=Consumer;environment=Prod_germanywestcentral_prod-s01-010-eur-germanywestcentral;migrationStage=NotStarted}
{"logTime": "0901/142020", "correlationVector":"4cUy2xi+0HM7hMryums2Y0","action":"Normal GetUpdate request", "result":"", "context":cV=4cUy2xi+0HM7hMryums2Y0
Notified types: Autofill, History}
{"logTime": "0901/142020", "correlationVector":"4cUy2xi+0HM7hMryums2Y0.1","action":"SyncServerConnectionManagerRequest", "result":"SYNC_SERVER_OK", "context":{"environment":"Prod_germanywestcentral_prod-s01-011-eur-germanywestcentral", "migrationStage":"NotStarted", "server":"akswtt10300005c"}}
{"logTime": "0901/142020", "correlationVector":"4cUy2xi+0HM7hMryums2Y0.2","action":"ProcessGetUpdates", "result":"Done", "context":{"dataType":"Autofill", "deleted":"0", "process_failed_to_decrypt":"0", "process_pending_decryption":"0", "process_success":"1", "total":"1"}}
{"logTime": "0901/142020", "correlationVector":"4cUy2xi+0HM7hMryums2Y0.3","action":"ProcessGetUpdates", "result":"Done", "context":{"dataType":"Sessions", "deleted":"0", "process_failed_to_decrypt":"0", "process_pending_decryption":"0", "process_success":"1", "total":"1"}}
{"logTime": "0901/142020", "correlationVector":"4cUy2xi+0HM7hMryums2Y0.4","action":"ProcessGetUpdates", "result":"Done", "context":{"dataType":"History", "deleted":"0", "process_failed_to_decrypt":"0", "process_pending_decryption":"0", "process_success":"2", "total":"2"}}
{"logTime": "0901/142020", "correlationVector":"4cUy2xi+0HM7hMryums2Y0.5","action":"GetUpdates Response", "result":"Success", "context":Received 4 update(s). cV=4cUy2xi+0HM7hMryums2Y0.0;server=akswtt10300005c;cloudType=Consumer;environment=Prod_germanywestcentral_prod-s01-011-eur-germanywestcentral;migrationStage=NotStarted}
{"logTime": "0901/142234", "correlationVector":"gs3KtiIvbQegZaNIx/byW5","action":"Normal GetUpdate request", "result":"", "context":cV=gs3KtiIvbQegZaNIx/byW5
Notified types: History}
{"logTime": "0901/142235", "correlationVector":"gs3KtiIvbQegZaNIx/byW5.1","action":"SyncServerConnectionManagerRequest", "result":"SYNC_SERVER_OK", "context":{"environment":"Prod_westeurope_prod-s01-079-eur-westeurope", "migrationStage":"NotStarted", "server":"akswtt00400000a"}}
{"logTime": "0901/142235", "correlationVector":"gs3KtiIvbQegZaNIx/byW5.2","action":"ProcessGetUpdates", "result":"Done", "context":{"dataType":"Sessions", "deleted":"0", "process_failed_to_decrypt":"0", "process_pending_decryption":"0", "process_success":"1", "total":"1"}}
{"logTime": "0901/142235", "correlationVector":"gs3KtiIvbQegZaNIx/byW5.3","action":"ProcessGetUpdates", "result":"Done", "context":{"dataType":"History", "deleted":"0", "process_failed_to_decrypt":"0", "process_pending_decryption":"0", "process_success":"4", "total":"4"}}
{"logTime": "0901/142235", "correlationVector":"gs3KtiIvbQegZaNIx/byW5.4","action":"GetUpdates Response", "result":"Success", "context":Received 5 update(s). cV=gs3KtiIvbQegZaNIx/byW5.0;server=akswtt00400000a;cloudType=Consumer;environment=Prod_westeurope_prod-s01-079-eur-westeurope;migrationStage=NotStarted}
{"logTime": "0901/142410", "correlationVector":"VMxcMr9sPs8INwr/NeDMPy","action":"Normal GetUpdate request", "result":"", "context":cV=VMxcMr9sPs8INwr/NeDMPy
Notified types: History}
{"logTime": "0901/142411", "correlationVector":"VMxcMr9sPs8INwr/NeDMPy.1","action":"SyncServerConnectionManagerRequest", "result":"SYNC_SERVER_OK", "context":{"environment":"Prod_westeurope_prod-s01-079-eur-westeurope", "migrationStage":"NotStarted", "server":"akswtt00400003t"}}
{"logTime": "0901/142411", "correlationVector":"VMxcMr9sPs8INwr/NeDMPy.2","action":"ProcessGetUpdates", "result":"Done", "context":{"dataType":"Sessions", "deleted":"0", "process_failed_to_decrypt":"0", "process_pending_decryption":"0", "process_success":"1", "total":"1"}}
{"logTime": "0901/142411", "correlationVector":"VMxcMr9sPs8INwr/NeDMPy.3","action":"ProcessGetUpdates", "result":"Done", "context":{"dataType":"History", "deleted":"0", "process_failed_to_decrypt":"0", "process_pending_decryption":"0", "process_success":"2", "total":"2"}}
{"logTime": "0901/142411", "correlationVector":"VMxcMr9sPs8INwr/NeDMPy.4","action":"GetUpdates Response", "result":"Success", "context":Received 3 update(s). cV=VMxcMr9sPs8INwr/NeDMPy.0;server=akswtt00400003t;cloudType=Consumer;environment=Prod_westeurope_prod-s01-079-eur-westeurope;migrationStage=NotStarted}
{"logTime": "0901/142616", "correlationVector":"zb51P64QKlZhet4w6Qq3I6","action":"Normal GetUpdate request", "result":"", "context":cV=zb51P64QKlZhet4w6Qq3I6
Notified types: History}
{"logTime": "0901/142617", "correlationVector":"zb51P64QKlZhet4w6Qq3I6.1","action":"SyncServerConnectionManagerRequest", "result":"SYNC_SERVER_OK", "context":{"environment":"Prod_westeurope_prod-s01-079-eur-westeurope", "migrationStage":"NotStarted", "server":"akswtt004000044"}}
{"logTime": "0901/142617", "correlationVector":"zb51P64QKlZhet4w6Qq3I6.2","action":"ProcessGetUpdates", "result":"Done", "context":{"dataType":"Sessions", "deleted":"0", "process_failed_to_decrypt":"0", "process_pending_decryption":"0", "process_success":"2", "total":"2"}}
{"logTime": "0901/142617", "correlationVector":"zb51P64QKlZhet4w6Qq3I6.3","action":"ProcessGetUpdates", "result":"Done", "context":{"dataType":"History", "deleted":"0", "process_failed_to_decrypt":"0", "process_pending_decryption":"0", "process_success":"6", "total":"6"}}
{"logTime": "0901/142617", "correlationVector":"zb51P64QKlZhet4w6Qq3I6.4","action":"GetUpdates Response", "result":"Success", "context":Received 8 update(s). cV=zb51P64QKlZhet4w6Qq3I6.0;server=akswtt004000044;cloudType=Consumer;environment=Prod_westeurope_prod-s01-079-eur-westeurope;migrationStage=NotStarted}
{"logTime": "0901/152915", "correlationVector":"jBZ1yIsB128qe+fmrdJz7G","action":"Poll GetUpdate request", "result":"", "context":cV=jBZ1yIsB128qe+fmrdJz7G}
{"logTime": "0901/152916", "correlationVector":"jBZ1yIsB128qe+fmrdJz7G","action":"SyncServerConnectionManagerRequest", "result":"CONNECTION_UNAVAILABLE", "context":{"error_type":"net_error_code", "error_value":"-105"}}
{"logTime": "0901/152916", "correlationVector":"2NbAqwu4tfD/EpXS6fMM9O.0","action":"GetUpdates Response", "result":"Network error (ERR_NAME_NOT_RESOLVED)", "context":Received error: Network error (ERR_NAME_NOT_RESOLVED). }
{"logTime": "0901/152917", "correlationVector":"mbKMsbY1y979SS3s/Oe/0f","action":"Poll GetUpdate request", "result":"", "context":cV=mbKMsbY1y979SS3s/Oe/0f}
{"logTime": "0901/152918", "correlationVector":"mbKMsbY1y979SS3s/Oe/0f","action":"SyncServerConnectionManagerRequest", "result":"CONNECTION_UNAVAILABLE", "context":{"error_type":"net_error_code", "error_value":"-105"}}
{"logTime": "0901/152918", "correlationVector":"rTx4AcOcmgU2M/90/yFWqB.0","action":"GetUpdates Response", "result":"Network error (ERR_NAME_NOT_RESOLVED)", "context":Received error: Network error (ERR_NAME_NOT_RESOLVED). }
{"logTime": "0901/152918", "correlationVector":"3qDftYmR8pbHzmKqt/Q2bl","action":"Poll GetUpdate request", "result":"", "context":cV=3qDftYmR8pbHzmKqt/Q2bl}
{"logTime": "0901/152918", "correlationVector":"3qDftYmR8pbHzmKqt/Q2bl","action":"SyncServerConnectionManagerRequest", "result":"CONNECTION_UNAVAILABLE", "context":{"error_type":"net_error_code", "error_value":"-105"}}
{"logTime": "0901/152918", "correlationVector":"bVua9N/NMZtJvGzP6Lhxt0.0","action":"GetUpdates Response", "result":"Network error (ERR_NAME_NOT_RESOLVED)", "context":Received error: Network error (ERR_NAME_NOT_RESOLVED). }
{"logTime": "0902/064254", "correlationVector":"VgFnfTauvl+eFzvNM3FZtc","action":"Poll GetUpdate request", "result":"", "context":cV=VgFnfTauvl+eFzvNM3FZtc}
{"logTime": "0902/064255", "correlationVector":"VgFnfTauvl+eFzvNM3FZtc","action":"SyncServerConnectionManagerRequest", "result":"CONNECTION_UNAVAILABLE", "context":{"error_type":"net_error_code", "error_value":"-21"}}
{"logTime": "0902/064255", "correlationVector":"P/2vFdHZ9TW101t1oQO/wr.0","action":"GetUpdates Response", "result":"Network error (ERR_NETWORK_CHANGED)", "context":Received error: Network error (ERR_NETWORK_CHANGED). }
{"logTime": "0902/064256", "correlationVector":"547ZRJFMBNGAh9pwGi5AfZ","action":"Poll GetUpdate request", "result":"", "context":cV=547ZRJFMBNGAh9pwGi5AfZ}
{"logTime": "0902/064302", "correlationVector":"547ZRJFMBNGAh9pwGi5AfZ","action":"SyncServerConnectionManagerRequest", "result":"CONNECTION_UNAVAILABLE", "context":{"error_type":"net_error_code", "error_value":"-105"}}
{"logTime": "0902/064302", "correlationVector":"yrh/baX0jD61KUDmTeelCt.0","action":"GetUpdates Response", "result":"Network error (ERR_NAME_NOT_RESOLVED)", "context":Received error: Network error (ERR_NAME_NOT_RESOLVED). }
{"logTime": "0902/064302", "correlationVector":"c8Mioe7BP2uVnO3KQN+tos","action":"Poll GetUpdate request", "result":"", "context":cV=c8Mioe7BP2uVnO3KQN+tos}
{"logTime": "0902/064306", "correlationVector":"c8Mioe7BP2uVnO3KQN+tos.1","action":"SyncServerConnectionManagerRequest", "result":"SYNC_AUTH_ERROR", "context":{"environment":"Prod_westeurope_prod-s01-080-eur-westeurope", "migrationStage":"NotStarted", "server":"akswtt00400002v"}}
{"logTime": "0902/064306", "correlationVector":"c8Mioe7BP2uVnO3KQN+tos.2","action":"GetUpdates Response", "result":"HTTP error (401)", "context":Received error: HTTP error (401). cV=c8Mioe7BP2uVnO3KQN+tos.0;server=akswtt00400002v;cloudType=Undetermined;environment=Prod_westeurope_prod-s01-080-eur-westeurope;migrationStage=NotStarted}
{"logTime": "0902/064315", "correlationVector":"xGQbioRZaXgSDSc96RRugx","action":"Poll GetUpdate request", "result":"", "context":cV=xGQbioRZaXgSDSc96RRugx}
{"logTime": "0902/064316", "correlationVector":"xGQbioRZaXgSDSc96RRugx.1","action":"SyncServerConnectionManagerRequest", "result":"SYNC_SERVER_OK", "context":{"environment":"Prod_francecentral_prod-s01-062-eur-francecentral", "migrationStage":"NotStarted", "server":"akswtt11700005s"}}
{"logTime": "0902/064316", "correlationVector":"xGQbioRZaXgSDSc96RRugx.2","action":"ProcessGetUpdates", "result":"Done", "context":{"dataType":"Sessions", "deleted":"0", "process_failed_to_decrypt":"0", "process_pending_decryption":"0", "process_success":"1", "total":"1"}}
{"logTime": "0902/064316", "correlationVector":"xGQbioRZaXgSDSc96RRugx.3","action":"GetUpdates Response", "result":"Success", "context":Received 1 update(s). cV=xGQbioRZaXgSDSc96RRugx.0;server=akswtt11700005s;cloudType=Consumer;environment=Prod_francecentral_prod-s01-062-eur-francecentral;migrationStage=NotStarted}
{"logTime": "0902/064318", "correlationVector":"2aMfsSxzfpJhrFGySr1JZ4","action":"Normal GetUpdate request", "result":"", "context":cV=2aMfsSxzfpJhrFGySr1JZ4
Notified types: History}
{"logTime": "0902/064318", "correlationVector":"2aMfsSxzfpJhrFGySr1JZ4.1","action":"SyncServerConnectionManagerRequest", "result":"SYNC_SERVER_OK", "context":{"environment":"Prod_francecentral_prod-s01-062-eur-francecentral", "migrationStage":"NotStarted", "server":"akswtt11700005z"}}
{"logTime": "0902/064318", "correlationVector":"2aMfsSxzfpJhrFGySr1JZ4.2","action":"ProcessGetUpdates", "result":"Done", "context":{"dataType":"Sessions", "deleted":"2", "process_failed_to_decrypt":"0", "process_pending_decryption":"0", "process_success":"5", "total":"5"}}
{"logTime": "0902/064318", "correlationVector":"2aMfsSxzfpJhrFGySr1JZ4.3","action":"ProcessGetUpdates", "result":"Done", "context":{"dataType":"History", "deleted":"0", "process_failed_to_decrypt":"0", "process_pending_decryption":"0", "process_success":"3", "total":"3"}}
{"logTime": "0902/064318", "correlationVector":"2aMfsSxzfpJhrFGySr1JZ4.4","action":"GetUpdates Response", "result":"Success", "context":Received 8 update(s). cV=2aMfsSxzfpJhrFGySr1JZ4.0;server=akswtt11700005z;cloudType=Consumer;environment=Prod_francecentral_prod-s01-062-eur-francecentral;migrationStage=NotStarted}
{"logTime": "0902/064322", "correlationVector":"A0B5drtXHdY0iVXLr0T468","action":"Normal GetUpdate request", "result":"", "context":cV=A0B5drtXHdY0iVXLr0T468
Notified types: Device Info}
{"logTime": "0902/064323", "correlationVector":"A0B5drtXHdY0iVXLr0T468.1","action":"SyncServerConnectionManagerRequest", "result":"SYNC_SERVER_OK", "context":{"environment":"Prod_francecentral_prod-s01-062-eur-francecentral", "migrationStage":"NotStarted", "server":"akswtt117000001"}}
{"logTime": "0902/064323", "correlationVector":"A0B5drtXHdY0iVXLr0T468.2","action":"ProcessGetUpdates", "result":"Done", "context":{"dataType":"Device Info", "deleted":"0", "process_failed_to_decrypt":"0", "process_pending_decryption":"0", "process_success":"1", "total":"1"}}
{"logTime": "0902/064323", "correlationVector":"A0B5drtXHdY0iVXLr0T468.3","action":"GetUpdates Response", "result":"Success", "context":Received 1 update(s). cV=A0B5drtXHdY0iVXLr0T468.0;server=akswtt117000001;cloudType=Consumer;environment=Prod_francecentral_prod-s01-062-eur-francecentral;migrationStage=NotStarted}
{"logTime": "0902/064338", "correlationVector":"0UfDBbWR64OjbiB882WrDo","action":"Normal GetUpdate request", "result":"", "context":cV=0UfDBbWR64OjbiB882WrDo
Notified types: Device Info}
{"logTime": "0902/064338", "correlationVector":"0UfDBbWR64OjbiB882WrDo.1","action":"SyncServerConnectionManagerRequest", "result":"SYNC_SERVER_OK", "context":{"environment":"Prod_francecentral_prod-s01-062-eur-francecentral", "migrationStage":"NotStarted", "server":"akswtt117000010"}}
{"logTime": "0902/064338", "correlationVector":"0UfDBbWR64OjbiB882WrDo.2","action":"ProcessGetUpdates", "result":"Done", "context":{"dataType":"Preferences", "deleted":"0", "process_failed_to_decrypt":"0", "process_pending_decryption":"0", "process_success":"1", "total":"1"}}
{"logTime": "0902/064338", "correlationVector":"0UfDBbWR64OjbiB882WrDo.3","action":"ProcessGetUpdates", "result":"Done", "context":{"dataType":"Device Info", "deleted":"0", "process_failed_to_decrypt":"0", "process_pending_decryption":"0", "process_success":"1", "total":"1"}}
{"logTime": "0902/064338", "correlationVector":"0UfDBbWR64OjbiB882WrDo.4","action":"GetUpdates Response", "result":"Success", "context":Received 2 update(s). cV=0UfDBbWR64OjbiB882WrDo.0;server=akswtt117000010;cloudType=Consumer;environment=Prod_francecentral_prod-s01-062-eur-francecentral;migrationStage=NotStarted}
{"logTime": "0902/064545", "correlationVector":"eJB5zoqd481SUrtsjBDZEN","action":"Normal GetUpdate request", "result":"", "context":cV=eJB5zoqd481SUrtsjBDZEN
Notified types: History}
{"logTime": "0902/064545", "correlationVector":"eJB5zoqd481SUrtsjBDZEN.1","action":"SyncServerConnectionManagerRequest", "result":"SYNC_SERVER_OK", "context":{"environment":"Prod_westeurope_prod-s01-080-eur-westeurope", "migrationStage":"NotStarted", "server":"akswtt00400003q"}}
{"logTime": "0902/064545", "correlationVector":"eJB5zoqd481SUrtsjBDZEN.2","action":"ProcessGetUpdates", "result":"Done", "context":{"dataType":"Sessions", "deleted":"0", "process_failed_to_decrypt":"0", "process_pending_decryption":"0", "process_success":"3", "total":"3"}}
{"logTime": "0902/064545", "correlationVector":"eJB5zoqd481SUrtsjBDZEN.3","action":"ProcessGetUpdates", "result":"Done", "context":{"dataType":"History", "deleted":"0", "process_failed_to_decrypt":"0", "process_pending_decryption":"0", "process_success":"3", "total":"3"}}
{"logTime": "0902/064545", "correlationVector":"eJB5zoqd481SUrtsjBDZEN.4","action":"GetUpdates Response", "result":"Success", "context":Received 6 update(s). cV=eJB5zoqd481SUrtsjBDZEN.0;server=akswtt00400003q;cloudType=Consumer;environment=Prod_westeurope_prod-s01-080-eur-westeurope;migrationStage=NotStarted}
{"logTime": "0902/065247", "correlationVector":"9iSIQ3EYIijdvrWB5J5lAv","action":"Normal GetUpdate request", "result":"", "context":cV=9iSIQ3EYIijdvrWB5J5lAv
Nudged types: Sessions
Notified types: History}
{"logTime": "0902/065247", "correlationVector":"9iSIQ3EYIijdvrWB5J5lAv.1","action":"SyncServerConnectionManagerRequest", "result":"SYNC_SERVER_OK", "context":{"environment":"Prod_westeurope_prod-s01-080-eur-westeurope", "migrationStage":"NotStarted", "server":"akswtt00400002t"}}
{"logTime": "0902/065247", "correlationVector":"9iSIQ3EYIijdvrWB5J5lAv.2","action":"ProcessGetUpdates", "result":"Done", "context":{"dataType":"Sessions", "deleted":"1", "process_failed_to_decrypt":"0", "process_pending_decryption":"0", "process_success":"3", "total":"3"}}
{"logTime": "0902/065247", "correlationVector":"9iSIQ3EYIijdvrWB5J5lAv.3","action":"ProcessGetUpdates", "result":"Done", "context":{"dataType":"History", "deleted":"0", "process_failed_to_decrypt":"0", "process_pending_decryption":"0", "process_success":"3", "total":"3"}}
{"logTime": "0902/065247", "correlationVector":"9iSIQ3EYIijdvrWB5J5lAv.4","action":"GetUpdates Response", "result":"Success", "context":Received 6 update(s). cV=9iSIQ3EYIijdvrWB5J5lAv.0;server=akswtt00400002t;cloudType=Consumer;environment=Prod_westeurope_prod-s01-080-eur-westeurope;migrationStage=NotStarted}
{"logTime": "0902/065247", "correlationVector":"9nEa8GvBFYucSSx01taRTZ","action":"Commit Request", "result":"", "context":Item count: 1
Contributing types: Sessions}
{"logTime": "0902/065248", "correlationVector":"9nEa8GvBFYucSSx01taRTZ.1","action":"SyncServerConnectionManagerRequest", "result":"SYNC_SERVER_OK", "context":{"environment":"Prod_westeurope_prod-s01-080-eur-westeurope", "migrationStage":"NotStarted", "server":"akswtt00400002w"}}
{"logTime": "0902/065248", "correlationVector":"9nEa8GvBFYucSSx01taRTZ.2","action":"Commit Response", "result":"Success", "context":Result: Success. cV=9nEa8GvBFYucSSx01taRTZ.0;server=akswtt00400002w;cloudType=Consumer;environment=Prod_westeurope_prod-s01-080-eur-westeurope;migrationStage=NotStarted}
{"logTime": "0902/065312", "correlationVector":"Pz23gOjsKgnzbY7fOYRKXW","action":"Normal GetUpdate request", "result":"", "context":cV=Pz23gOjsKgnzbY7fOYRKXW
Nudged types: Sessions
Notified types: Autofill, History}
{"logTime": "0902/065313", "correlationVector":"Pz23gOjsKgnzbY7fOYRKXW.1","action":"SyncServerConnectionManagerRequest", "result":"SYNC_SERVER_OK", "context":{"environment":"Prod_westeurope_prod-s01-079-eur-westeurope", "migrationStage":"NotStarted", "server":"akswtt004000004"}}
{"logTime": "0902/065313", "correlationVector":"Pz23gOjsKgnzbY7fOYRKXW.2","action":"ProcessGetUpdates", "result":"Done", "context":{"dataType":"Autofill", "deleted":"0", "process_failed_to_decrypt":"0", "process_pending_decryption":"0", "process_success":"1", "total":"1"}}
{"logTime": "0902/065313", "correlationVector":"Pz23gOjsKgnzbY7fOYRKXW.3","action":"ProcessGetUpdates", "result":"Done", "context":{"dataType":"Sessions", "deleted":"0", "process_failed_to_decrypt":"0", "process_pending_decryption":"0", "process_success":"2", "total":"2"}}
{"logTime": "0902/065313", "correlationVector":"Pz23gOjsKgnzbY7fOYRKXW.4","action":"ProcessGetUpdates", "result":"Done", "context":{"dataType":"History", "deleted":"0", "process_failed_to_decrypt":"0", "process_pending_decryption":"0", "process_success":"2", "total":"2"}}
{"logTime": "0902/065313", "correlationVector":"Pz23gOjsKgnzbY7fOYRKXW.5","action":"GetUpdates Response", "result":"Success", "context":Received 5 update(s). cV=Pz23gOjsKgnzbY7fOYRKXW.0;server=akswtt004000004;cloudType=Consumer;environment=Prod_westeurope_prod-s01-079-eur-westeurope;migrationStage=NotStarted}
{"logTime": "0902/071915", "correlationVector":"YIUyDNmbQHZvtSmqTQNskT","action":"Commit Request", "result":"", "context":Item count: 1
Contributing types: Device Info}
{"logTime": "0902/071916", "correlationVector":"YIUyDNmbQHZvtSmqTQNskT.1","action":"SyncServerConnectionManagerRequest", "result":"SYNC_SERVER_OK", "context":{"environment":"Prod_westeurope_prod-s01-079-eur-westeurope", "migrationStage":"NotStarted", "server":"akswtt00400002o"}}
{"logTime": "0902/071916", "correlationVector":"YIUyDNmbQHZvtSmqTQNskT.2","action":"Commit Response", "result":"Success", "context":Result: Success. cV=YIUyDNmbQHZvtSmqTQNskT.0;server=akswtt00400002o;cloudType=Consumer;environment=Prod_westeurope_prod-s01-079-eur-westeurope;migrationStage=NotStarted}
{"logTime": "0902/071919", "correlationVector":"SDzL2sUVY+jPLC5Iw65q7f","action":"Normal GetUpdate request", "result":"", "context":cV=SDzL2sUVY+jPLC5Iw65q7f
Notified types: Preferences}
{"logTime": "0902/071919", "correlationVector":"SDzL2sUVY+jPLC5Iw65q7f.1","action":"SyncServerConnectionManagerRequest", "result":"SYNC_SERVER_OK", "context":{"environment":"Prod_westeurope_prod-s01-079-eur-westeurope", "migrationStage":"NotStarted", "server":"akswtt00400004d"}}
{"logTime": "0902/071919", "correlationVector":"SDzL2sUVY+jPLC5Iw65q7f.2","action":"ProcessGetUpdates", "result":"Done", "context":{"dataType":"Preferences", "deleted":"0", "process_failed_to_decrypt":"0", "process_pending_decryption":"0", "process_success":"1", "total":"1"}}
{"logTime": "0902/071919", "correlationVector":"SDzL2sUVY+jPLC5Iw65q7f.3","action":"ProcessGetUpdates", "result":"Done", "context":{"dataType":"Sessions", "deleted":"0", "process_failed_to_decrypt":"0", "process_pending_decryption":"0", "process_success":"2", "total":"2"}}
{"logTime": "0902/071919", "correlationVector":"SDzL2sUVY+jPLC5Iw65q7f.4","action":"ProcessGetUpdates", "result":"Done", "context":{"dataType":"Device Info", "deleted":"0", "process_failed_to_decrypt":"0", "process_pending_decryption":"0", "process_success":"1", "total":"1"}}
{"logTime": "0902/071919", "correlationVector":"SDzL2sUVY+jPLC5Iw65q7f.5","action":"GetUpdates Response", "result":"Success", "context":Received 4 update(s). cV=SDzL2sUVY+jPLC5Iw65q7f.0;server=akswtt00400004d;cloudType=Consumer;environment=Prod_westeurope_prod-s01-079-eur-westeurope;migrationStage=NotStarted}
{"logTime": "0902/072825", "correlationVector":"hlgfQEtASDmD2mpDKyk3wK","action":"Normal GetUpdate request", "result":"", "context":cV=hlgfQEtASDmD2mpDKyk3wK
Notified types: Device Info}
{"logTime": "0902/072828", "correlationVector":"hlgfQEtASDmD2mpDKyk3wK.1","action":"SyncServerConnectionManagerRequest", "result":"SYNC_SERVER_OK", "context":{"environment":"Prod_francecentral_prod-s01-062-eur-francecentral", "migrationStage":"NotStarted", "server":"akswtt117000010"}}
{"logTime": "0902/072828", "correlationVector":"hlgfQEtASDmD2mpDKyk3wK.2","action":"ProcessGetUpdates", "result":"Done", "context":{"dataType":"Device Info", "deleted":"0", "process_failed_to_decrypt":"0", "process_pending_decryption":"0", "process_success":"1", "total":"1"}}
{"logTime": "0902/072828", "correlationVector":"hlgfQEtASDmD2mpDKyk3wK.3","action":"GetUpdates Response", "result":"Success", "context":Received 1 update(s). cV=hlgfQEtASDmD2mpDKyk3wK.0;server=akswtt117000010;cloudType=Consumer;environment=Prod_francecentral_prod-s01-062-eur-francecentral;migrationStage=NotStarted}
{"logTime": "0902/072829", "correlationVector":"bHNIvYXgDCuqlRRdmFGg42","action":"Commit Request", "result":"", "context":Item count: 1
Contributing types: Device Info}
{"logTime": "0902/072829", "correlationVector":"bHNIvYXgDCuqlRRdmFGg42.1","action":"SyncServerConnectionManagerRequest", "result":"SYNC_SERVER_OK", "context":{"environment":"Prod_westeurope_prod-s01-079-eur-westeurope", "migrationStage":"NotStarted", "server":"akswtt00400000a"}}
{"logTime": "0902/072829", "correlationVector":"bHNIvYXgDCuqlRRdmFGg42.2","action":"Commit Response", "result":"Success", "context":Result: Success. cV=bHNIvYXgDCuqlRRdmFGg42.0;server=akswtt00400000a;cloudType=Consumer;environment=Prod_westeurope_prod-s01-079-eur-westeurope;migrationStage=NotStarted}
{"logTime": "0902/072932", "correlationVector":"/O2pqmp20rd50lCvH+eJj3","action":"Normal GetUpdate request", "result":"", "context":cV=/O2pqmp20rd50lCvH+eJj3
Notified types: History}
{"logTime": "0902/072932", "correlationVector":"/O2pqmp20rd50lCvH+eJj3.1","action":"SyncServerConnectionManagerRequest", "result":"SYNC_SERVER_OK", "context":{"environment":"Prod_westeurope_prod-s01-079-eur-westeurope", "migrationStage":"NotStarted", "server":"akswtt00400000g"}}
{"logTime": "0902/072932", "correlationVector":"/O2pqmp20rd50lCvH+eJj3.2","action":"ProcessGetUpdates", "result":"Done", "context":{"dataType":"Sessions", "deleted":"0", "process_failed_to_decrypt":"0", "process_pending_decryption":"0", "process_success":"1", "total":"1"}}
{"logTime": "0902/072932", "correlationVector":"/O2pqmp20rd50lCvH+eJj3.3","action":"ProcessGetUpdates", "result":"Done", "context":{"dataType":"Device Info", "deleted":"0", "process_failed_to_decrypt":"0", "process_pending_decryption":"0", "process_success":"1", "total":"1"}}
{"logTime": "0902/072932", "correlationVector":"/O2pqmp20rd50lCvH+eJj3.4","action":"ProcessGetUpdates", "result":"Done", "context":{"dataType":"History", "deleted":"0", "process_failed_to_decrypt":"0", "process_pending_decryption":"0", "process_success":"2", "total":"2"}}
{"logTime": "0902/072932", "correlationVector":"/O2pqmp20rd50lCvH+eJj3.5","action":"GetUpdates Response", "result":"Success", "context":Received 4 update(s). cV=/O2pqmp20rd50lCvH+eJj3.0;server=akswtt00400000g;cloudType=Consumer;environment=Prod_westeurope_prod-s01-079-eur-westeurope;migrationStage=NotStarted}
{"logTime": "0902/075933", "correlationVector":"/z1j1xywfZCLrjWPJY8HjB","action":"Commit Request", "result":"", "context":Item count: 1
Contributing types: Preferences}
{"logTime": "0902/075934", "correlationVector":"/z1j1xywfZCLrjWPJY8HjB.1","action":"SyncServerConnectionManagerRequest", "result":"SYNC_SERVER_OK", "context":{"environment":"Prod_westeurope_prod-s01-080-eur-westeurope", "migrationStage":"NotStarted", "server":"akswtt00400000n"}}
{"logTime": "0902/075934", "correlationVector":"/z1j1xywfZCLrjWPJY8HjB.2","action":"Commit Response", "result":"Success", "context":Result: Success. cV=/z1j1xywfZCLrjWPJY8HjB.0;server=akswtt00400000n;cloudType=Consumer;environment=Prod_westeurope_prod-s01-080-eur-westeurope;migrationStage=NotStarted}
{"logTime": "0902/075934", "correlationVector":"K7SnYesJozcN+l52WHw9VO","action":"Normal GetUpdate request", "result":"", "context":cV=K7SnYesJozcN+l52WHw9VO
Notified types: History}
{"logTime": "0902/075935", "correlationVector":"K7SnYesJozcN+l52WHw9VO.1","action":"SyncServerConnectionManagerRequest", "result":"SYNC_SERVER_OK", "context":{"environment":"Prod_germanywestcentral_prod-s01-011-eur-germanywestcentral", "migrationStage":"NotStarted", "server":"akswtt10300004r"}}
{"logTime": "0902/075935", "correlationVector":"K7SnYesJozcN+l52WHw9VO.2","action":"ProcessGetUpdates", "result":"Done", "context":{"dataType":"Preferences", "deleted":"0", "process_failed_to_decrypt":"0", "process_pending_decryption":"0", "process_success":"1", "total":"1"}}
{"logTime": "0902/075935", "correlationVector":"K7SnYesJozcN+l52WHw9VO.3","action":"ProcessGetUpdates", "result":"Done", "context":{"dataType":"Sessions", "deleted":"0", "process_failed_to_decrypt":"0", "process_pending_decryption":"0", "process_success":"1", "total":"1"}}
{"logTime": "0902/075935", "correlationVector":"K7SnYesJozcN+l52WHw9VO.4","action":"ProcessGetUpdates", "result":"Done", "context":{"dataType":"History", "deleted":"0", "process_failed_to_decrypt":"0", "process_pending_decryption":"0", "process_success":"2", "total":"2"}}
{"logTime": "0902/075935", "correlationVector":"K7SnYesJozcN+l52WHw9VO.5","action":"GetUpdates Response", "result":"Success", "context":Received 4 update(s). cV=K7SnYesJozcN+l52WHw9VO.0;server=akswtt10300004r;cloudType=Consumer;environment=Prod_germanywestcentral_prod-s01-011-eur-germanywestcentral;migrationStage=NotStarted}
{"logTime": "0902/084208", "correlationVector":"YDrZcFQceXqZIQB/d73Zmm","action":"Normal GetUpdate request", "result":"", "context":cV=YDrZcFQceXqZIQB/d73Zmm
Notified types: History}
{"logTime": "0902/084209", "correlationVector":"YDrZcFQceXqZIQB/d73Zmm.1","action":"SyncServerConnectionManagerRequest", "result":"SYNC_SERVER_OK", "context":{"environment":"Prod_germanywestcentral_prod-s01-011-eur-germanywestcentral", "migrationStage":"NotStarted", "server":"akswtt10300009y"}}
{"logTime": "0902/084209", "correlationVector":"YDrZcFQceXqZIQB/d73Zmm.2","action":"ProcessGetUpdates", "result":"Done", "context":{"dataType":"Sessions", "deleted":"0", "process_failed_to_decrypt":"0", "process_pending_decryption":"0", "process_success":"1", "total":"1"}}
{"logTime": "0902/084209", "correlationVector":"YDrZcFQceXqZIQB/d73Zmm.3","action":"ProcessGetUpdates", "result":"Done", "context":{"dataType":"History", "deleted":"0", "process_failed_to_decrypt":"0", "process_pending_decryption":"0", "process_success":"6", "total":"6"}}
{"logTime": "0902/084209", "correlationVector":"YDrZcFQceXqZIQB/d73Zmm.4","action":"GetUpdates Response", "result":"Success", "context":Received 7 update(s). cV=YDrZcFQceXqZIQB/d73Zmm.0;server=akswtt10300009y;cloudType=Consumer;environment=Prod_germanywestcentral_prod-s01-011-eur-germanywestcentral;migrationStage=NotStarted}
{"logTime": "0902/084209", "correlationVector":"ca9uEyvM8eFBOX3QIPsiXR","action":"SyncServerConnectionManagerRequest", "result":"SYNC_SERVER_ERROR", "context":{"environment":"", "error_type":"http_status_code", "error_value":"400", "migrationStage":"", "server":""}}
{"logTime": "0902/091552", "correlationVector":"n2oPEdye6PnmUJk6KhGwe9","action":"Normal GetUpdate request", "result":"", "context":cV=n2oPEdye6PnmUJk6KhGwe9
Notified types: History}
{"logTime": "0902/091553", "correlationVector":"n2oPEdye6PnmUJk6KhGwe9.1","action":"SyncServerConnectionManagerRequest", "result":"SYNC_SERVER_OK", "context":{"environment":"Prod_westeurope_prod-s01-080-eur-westeurope", "migrationStage":"NotStarted", "server":"akswtt00400000g"}}
{"logTime": "0902/091553", "correlationVector":"n2oPEdye6PnmUJk6KhGwe9.2","action":"ProcessGetUpdates", "result":"Done", "context":{"dataType":"Sessions", "deleted":"0", "process_failed_to_decrypt":"0", "process_pending_decryption":"0", "process_success":"3", "total":"3"}}
{"logTime": "0902/091553", "correlationVector":"n2oPEdye6PnmUJk6KhGwe9.3","action":"ProcessGetUpdates", "result":"Done", "context":{"dataType":"History", "deleted":"0", "process_failed_to_decrypt":"0", "process_pending_decryption":"0", "process_success":"4", "total":"4"}}
{"logTime": "0902/091553", "correlationVector":"n2oPEdye6PnmUJk6KhGwe9.4","action":"GetUpdates Response", "result":"Success", "context":Received 7 update(s). cV=n2oPEdye6PnmUJk6KhGwe9.0;server=akswtt00400000g;cloudType=Consumer;environment=Prod_westeurope_prod-s01-080-eur-westeurope;migrationStage=NotStarted}
{"logTime": "0902/091553", "correlationVector":"vuWHuIZNMHWPGuy/Lo5xa6","action":"SyncServerConnectionManagerRequest", "result":"SYNC_SERVER_ERROR", "context":{"environment":"", "error_type":"http_status_code", "error_value":"400", "migrationStage":"", "server":""}}
{"logTime": "0902/101104", "correlationVector":"QJbLwk048znztxp6wLQiwi","action":"Normal GetUpdate request", "result":"", "context":cV=QJbLwk048znztxp6wLQiwi
Notified types: History}
{"logTime": "0902/101105", "correlationVector":"QJbLwk048znztxp6wLQiwi.1","action":"SyncServerConnectionManagerRequest", "result":"SYNC_SERVER_OK", "context":{"environment":"Prod_germanywestcentral_prod-s01-010-eur-germanywestcentral", "migrationStage":"NotStarted", "server":"akswtt0040000bn"}}
{"logTime": "0902/101105", "correlationVector":"QJbLwk048znztxp6wLQiwi.2","action":"ProcessGetUpdates", "result":"Done", "context":{"dataType":"Sessions", "deleted":"0", "process_failed_to_decrypt":"0", "process_pending_decryption":"0", "process_success":"2", "total":"2"}}
{"logTime": "0902/101105", "correlationVector":"QJbLwk048znztxp6wLQiwi.3","action":"ProcessGetUpdates", "result":"Done", "context":{"dataType":"History", "deleted":"0", "process_failed_to_decrypt":"0", "process_pending_decryption":"0", "process_success":"2", "total":"2"}}
{"logTime": "0902/101105", "correlationVector":"QJbLwk048znztxp6wLQiwi.4","action":"GetUpdates Response", "result":"Success", "context":Received 4 update(s). cV=QJbLwk048znztxp6wLQiwi.0;server=akswtt0040000bn;cloudType=Consumer;environment=Prod_germanywestcentral_prod-s01-010-eur-germanywestcentral;migrationStage=NotStarted}
{"logTime": "0902/101105", "correlationVector":"SXddGQScBAyH79n5Vu0fZ7","action":"SyncServerConnectionManagerRequest", "result":"SYNC_SERVER_ERROR", "context":{"environment":"", "error_type":"http_status_code", "error_value":"400", "migrationStage":"", "server":""}}
{"logTime": "0902/125917", "correlationVector":"cR0juzdkoXGNiD5fvkgsVe","action":"Normal GetUpdate request", "result":"", "context":cV=cR0juzdkoXGNiD5fvkgsVe
Notified types: History}
{"logTime": "0902/125918", "correlationVector":"cR0juzdkoXGNiD5fvkgsVe.1","action":"SyncServerConnectionManagerRequest", "result":"SYNC_SERVER_OK", "context":{"environment":"Prod_westeurope_prod-s01-080-eur-westeurope", "migrationStage":"NotStarted", "server":"akswtt00400000d"}}
{"logTime": "0902/125918", "correlationVector":"cR0juzdkoXGNiD5fvkgsVe.2","action":"ProcessGetUpdates", "result":"Done", "context":{"dataType":"Sessions", "deleted":"0", "process_failed_to_decrypt":"0", "process_pending_decryption":"0", "process_success":"1", "total":"1"}}
{"logTime": "0902/125918", "correlationVector":"cR0juzdkoXGNiD5fvkgsVe.3","action":"ProcessGetUpdates", "result":"Done", "context":{"dataType":"History", "deleted":"0", "process_failed_to_decrypt":"0", "process_pending_decryption":"0", "process_success":"5", "total":"5"}}
{"logTime": "0902/125918", "correlationVector":"cR0juzdkoXGNiD5fvkgsVe.4","action":"GetUpdates Response", "result":"Success", "context":Received 6 update(s). cV=cR0juzdkoXGNiD5fvkgsVe.0;server=akswtt00400000d;cloudType=Consumer;environment=Prod_westeurope_prod-s01-080-eur-westeurope;migrationStage=NotStarted}
{"logTime": "0902/125918", "correlationVector":"OMVHqsfaqw1s9yVbTaLe23","action":"SyncServerConnectionManagerRequest", "result":"SYNC_SERVER_ERROR", "context":{"environment":"", "error_type":"http_status_code", "error_value":"400", "migrationStage":"", "server":""}}
{"logTime": "0902/165647", "correlationVector":"iYa7m60c4+12/TqbKAvl85","action":"Poll GetUpdate request", "result":"", "context":cV=iYa7m60c4+12/TqbKAvl85}
{"logTime": "0902/165647", "correlationVector":"iYa7m60c4+12/TqbKAvl85","action":"SyncServerConnectionManagerRequest", "result":"CONNECTION_UNAVAILABLE", "context":{"error_type":"net_error_code", "error_value":"-105"}}
{"logTime": "0902/165647", "correlationVector":"5mq4hH24Tc+AoxMzCVVmCL.0","action":"GetUpdates Response", "result":"Network error (ERR_NAME_NOT_RESOLVED)", "context":Received error: Network error (ERR_NAME_NOT_RESOLVED). }
{"logTime": "0902/165648", "correlationVector":"5mq4hH24Tc+AoxMzCVVmCL.0","action":"SyncServerConnectionManagerRequest", "result":"CONNECTION_UNAVAILABLE", "context":{"error_type":"net_error_code", "error_value":"-105"}}
{"logTime": "0902/165649", "correlationVector":"EWXvt5o3yVp1KrKziowQ0z","action":"Poll GetUpdate request", "result":"", "context":cV=EWXvt5o3yVp1KrKziowQ0z}
{"logTime": "0902/165654", "correlationVector":"EWXvt5o3yVp1KrKziowQ0z.1","action":"SyncServerConnectionManagerRequest", "result":"SYNC_AUTH_ERROR", "context":{"environment":"Prod_westeurope_prod-s01-079-eur-westeurope", "migrationStage":"NotStarted", "server":"akswtt00400002s"}}
{"logTime": "0902/165654", "correlationVector":"EWXvt5o3yVp1KrKziowQ0z.2","action":"GetUpdates Response", "result":"HTTP error (401)", "context":Received error: HTTP error (401). cV=EWXvt5o3yVp1KrKziowQ0z.0;server=akswtt00400002s;cloudType=Undetermined;environment=Prod_westeurope_prod-s01-079-eur-westeurope;migrationStage=NotStarted}
{"logTime": "0902/165655", "correlationVector":"EWXvt5o3yVp1KrKziowQ0z.3","action":"SyncServerConnectionManagerRequest", "result":"SYNC_SERVER_ERROR", "context":{"environment":"", "error_type":"http_status_code", "error_value":"400", "migrationStage":"", "server":""}}
{"logTime": "0902/165751", "correlationVector":"GW6ICPFsZgH0jM7zeEm2OR","action":"Normal GetUpdate request", "result":"", "context":cV=GW6ICPFsZgH0jM7zeEm2OR
Notified types: Device Info}
{"logTime": "0902/165751", "correlationVector":"GW6ICPFsZgH0jM7zeEm2OR.1","action":"SyncServerConnectionManagerRequest", "result":"SYNC_SERVER_OK", "context":{"environment":"Prod_germanywestcentral_prod-s01-011-eur-germanywestcentral", "migrationStage":"NotStarted", "server":"akswtt10300009y"}}
{"logTime": "0902/165751", "correlationVector":"GW6ICPFsZgH0jM7zeEm2OR.2","action":"ProcessGetUpdates", "result":"Done", "context":{"dataType":"Sessions", "deleted":"0", "process_failed_to_decrypt":"0", "process_pending_decryption":"0", "process_success":"1", "total":"1"}}
{"logTime": "0902/165751", "correlationVector":"GW6ICPFsZgH0jM7zeEm2OR.3","action":"ProcessGetUpdates", "result":"Done", "context":{"dataType":"Device Info", "deleted":"0", "process_failed_to_decrypt":"0", "process_pending_decryption":"0", "process_success":"1", "total":"1"}}
{"logTime": "0902/165751", "correlationVector":"GW6ICPFsZgH0jM7zeEm2OR.4","action":"GetUpdates Response", "result":"Success", "context":Received 2 update(s). cV=GW6ICPFsZgH0jM7zeEm2OR.0;server=akswtt10300009y;cloudType=Consumer;environment=Prod_germanywestcentral_prod-s01-011-eur-germanywestcentral;migrationStage=NotStarted}
{"logTime": "0902/165752", "correlationVector":"qN1d5FkGuI7o2DapPRv4xc","action":"SyncServerConnectionManagerRequest", "result":"SYNC_SERVER_OK", "context":{"environment":"", "migrationStage":"", "server":""}}
{"logTime": "0902/165752", "correlationVector":"qN1d5FkGuI7o2DapPRv4xc.0","action":"EncryptionKeysFetcher.DownloadKeys:", "result":"Success", "context":Key count: 3, Last key timestamp: 2026-08-24T09:13:19Z}
{"logTime": "0902/165752", "correlationVector":"qN1d5FkGuI7o2DapPRv4xc.1","action":"EncryptionKeysManager::SetEncryptionKeys:", "result":"Success", "context":Key names[3]:[iPYNtFnO86bOvG3qghKi4HQw+rWTbAooyX4ZiaYjF0KkdxXpu6VjC+oInoMesvwIsYL1LeFYEKNr1W40/UU/ug==][po9eql6aBefHxxBoma7lkUExgtEXP8WWlxtH7evXLlzi/erh9Y+r/DCM6a8E+KuCnCJSnKDxLRv79Hi37oG1UA==][wmvxUvnEtNlWp0waHdeFApFbBka9eNjRTA9y0To6d7WKHLItf5IBcCbTg4S08jHAQezUBYOR/CcS2wRigrnh4A==]}
{"logTime": "0902/165752", "correlationVector":"qN1d5FkGuI7o2DapPRv4xc.2","action":"EncryptionKeysManager::SetEncryptionKeysWithTimestamps:", "result":"Success", "context":Key timestamps[3]:[2025-02-01T13:23:07Z][2025-08-02T15:12:37Z][2026-08-24T09:13:19Z]}
{"logTime": "0902/165752", "correlationVector":"fzY3G8MwWTRl0CTd8XLPfs","action":"Poll GetUpdate request", "result":"", "context":cV=fzY3G8MwWTRl0CTd8XLPfs}
{"logTime": "0902/165753", "correlationVector":"fzY3G8MwWTRl0CTd8XLPfs.1","action":"SyncServerConnectionManagerRequest", "result":"SYNC_SERVER_OK", "context":{"environment":"Prod_germanywestcentral_prod-s01-011-eur-germanywestcentral", "migrationStage":"NotStarted", "server":"akswtt10300004p"}}
{"logTime": "0902/165753", "correlationVector":"fzY3G8MwWTRl0CTd8XLPfs.2","action":"GetUpdates Response", "result":"Success", "context":Received 0 update(s). cV=fzY3G8MwWTRl0CTd8XLPfs.0;server=akswtt10300004p;cloudType=Consumer;environment=Prod_germanywestcentral_prod-s01-011-eur-germanywestcentral;migrationStage=NotStarted}
{"logTime": "0902/170527", "correlationVector":"v0tErHYnowvpWrumWG63SB","action":"Normal GetUpdate request", "result":"", "context":cV=v0tErHYnowvpWrumWG63SB
Notified types: History}
{"logTime": "0902/170530", "correlationVector":"v0tErHYnowvpWrumWG63SB","action":"SyncServerConnectionManagerRequest", "result":"CONNECTION_UNAVAILABLE", "context":{"error_type":"net_error_code", "error_value":"-331"}}
{"logTime": "0902/170530", "correlationVector":"BjQ2t/FdlA96M/LdO84ge/.0","action":"GetUpdates Response", "result":"Network error (ERR_NETWORK_IO_SUSPENDED)", "context":Received error: Network error (ERR_NETWORK_IO_SUSPENDED). }
{"logTime": "0902/202144", "correlationVector":"qFhNFUaEeTBHAyunYvwV+r","action":"Normal GetUpdate request", "result":"", "context":cV=qFhNFUaEeTBHAyunYvwV+r
Notified types: History}
{"logTime": "0902/202145", "correlationVector":"qFhNFUaEeTBHAyunYvwV+r","action":"SyncServerConnectionManagerRequest", "result":"CONNECTION_UNAVAILABLE", "context":{"error_type":"net_error_code", "error_value":"-105"}}
{"logTime": "0902/202145", "correlationVector":"FXsxTLJHXHwQkdJf8QJUUW.0","action":"GetUpdates Response", "result":"Network error (ERR_NAME_NOT_RESOLVED)", "context":Received error: Network error (ERR_NAME_NOT_RESOLVED). }
{"logTime": "0902/202146", "correlationVector":"37stzXZJz/+1TVx/iDmZZW","action":"Normal GetUpdate request", "result":"", "context":cV=37stzXZJz/+1TVx/iDmZZW
Notified types: History}
{"logTime": "0902/202147", "correlationVector":"37stzXZJz/+1TVx/iDmZZW","action":"SyncServerConnectionManagerRequest", "result":"CONNECTION_UNAVAILABLE", "context":{"error_type":"net_error_code", "error_value":"-105"}}
{"logTime": "0902/202147", "correlationVector":"/pZTi5pg7N9GFFk5koUyNJ.0","action":"GetUpdates Response", "result":"Network error (ERR_NAME_NOT_RESOLVED)", "context":Received error: Network error (ERR_NAME_NOT_RESOLVED). }
{"logTime": "0902/202147", "correlationVector":"rrXiaroIEwx2fgOzSs4l9Y","action":"Normal GetUpdate request", "result":"", "context":cV=rrXiaroIEwx2fgOzSs4l9Y
Notified types: History}
{"logTime": "0902/202147", "correlationVector":"rrXiaroIEwx2fgOzSs4l9Y","action":"SyncServerConnectionManagerRequest", "result":"CONNECTION_UNAVAILABLE", "context":{"error_type":"net_error_code", "error_value":"-105"}}
{"logTime": "0902/202147", "correlationVector":"1VDC+ms3MXd+cX0+kaIxTC.0","action":"GetUpdates Response", "result":"Network error (ERR_NAME_NOT_RESOLVED)", "context":Received error: Network error (ERR_NAME_NOT_RESOLVED). }
{"logTime": "0902/202148", "correlationVector":"zGvZDiraLUcYHbzm5nGoW0","action":"Normal GetUpdate request", "result":"", "context":cV=zGvZDiraLUcYHbzm5nGoW0
Notified types: History}
{"logTime": "0902/202148", "correlationVector":"zGvZDiraLUcYHbzm5nGoW0","action":"SyncServerConnectionManagerRequest", "result":"CONNECTION_UNAVAILABLE", "context":{"error_type":"net_error_code", "error_value":"-105"}}
{"logTime": "0902/202149", "correlationVector":"xLr5ABHL2VWEbZYvrS5tez.0","action":"GetUpdates Response", "result":"Network error (ERR_NAME_NOT_RESOLVED)", "context":Received error: Network error (ERR_NAME_NOT_RESOLVED). }
{"logTime": "0902/213328", "correlationVector":"XBDKU7J/Q2puHhLowg2BVP","action":"Normal GetUpdate request", "result":"", "context":cV=XBDKU7J/Q2puHhLowg2BVP
Notified types: History}
{"logTime": "0902/213329", "correlationVector":"XBDKU7J/Q2puHhLowg2BVP","action":"SyncServerConnectionManagerRequest", "result":"CONNECTION_UNAVAILABLE", "context":{"error_type":"net_error_code", "error_value":"-105"}}
{"logTime": "0902/213329", "correlationVector":"r1u4/CuSOUW7Jy63Orxfcx.0","action":"GetUpdates Response", "result":"Network error (ERR_NAME_NOT_RESOLVED)", "context":Received error: Network error (ERR_NAME_NOT_RESOLVED). }
{"logTime": "0902/213329", "correlationVector":"USZJNXdzY0GMZRrHisN/RO","action":"Normal GetUpdate request", "result":"", "context":cV=USZJNXdzY0GMZRrHisN/RO
Notified types: History}
{"logTime": "0902/213329", "correlationVector":"USZJNXdzY0GMZRrHisN/RO","action":"SyncServerConnectionManagerRequest", "result":"CONNECTION_UNAVAILABLE", "context":{"error_type":"net_error_code", "error_value":"-331"}}
{"logTime": "0902/213329", "correlationVector":"sT9m1STQFxlyKybDHxbs+h.0","action":"GetUpdates Response", "result":"Network error (ERR_NETWORK_IO_SUSPENDED)", "context":Received error: Network error (ERR_NETWORK_IO_SUSPENDED). }
{"logTime": "0902/213357", "correlationVector":"fK3JC3HReKciXRbEFkOHmP","action":"Normal GetUpdate request", "result":"", "context":cV=fK3JC3HReKciXRbEFkOHmP
Notified types: History}
{"logTime": "0902/213356", "correlationVector":"fK3JC3HReKciXRbEFkOHmP","action":"SyncServerConnectionManagerRequest", "result":"CONNECTION_UNAVAILABLE", "context":{"error_type":"net_error_code", "error_value":"-105"}}
{"logTime": "0902/213356", "correlationVector":"lF2bCZaotsASdAKQ5v7xE1.0","action":"GetUpdates Response", "result":"Network error (ERR_NAME_NOT_RESOLVED)", "context":Received error: Network error (ERR_NAME_NOT_RESOLVED). }
{"logTime": "0902/213356", "correlationVector":"CH9g6M5PWM9kpUBt2HH8yw","action":"Normal GetUpdate request", "result":"", "context":cV=CH9g6M5PWM9kpUBt2HH8yw
Notified types: History}
{"logTime": "0902/213359", "correlationVector":"CH9g6M5PWM9kpUBt2HH8yw.1","action":"SyncServerConnectionManagerRequest", "result":"SYNC_AUTH_ERROR", "context":{"environment":"Prod_westeurope_prod-s01-079-eur-westeurope", "migrationStage":"NotStarted", "server":"akswtt00400000a"}}
{"logTime": "0902/213359", "correlationVector":"CH9g6M5PWM9kpUBt2HH8yw.2","action":"GetUpdates Response", "result":"HTTP error (401)", "context":Received error: HTTP error (401). cV=CH9g6M5PWM9kpUBt2HH8yw.0;server=akswtt00400000a;cloudType=Undetermined;environment=Prod_westeurope_prod-s01-079-eur-westeurope;migrationStage=NotStarted}
{"logTime": "0902/213402", "correlationVector":"3v84ZUOaOkX1YOPhYj+6hk","action":"Normal GetUpdate request", "result":"", "context":cV=3v84ZUOaOkX1YOPhYj+6hk
Notified types: History}
{"logTime": "0902/213402", "correlationVector":"3v84ZUOaOkX1YOPhYj+6hk","action":"SyncServerConnectionManagerRequest", "result":"CONNECTION_UNAVAILABLE", "context":{"error_type":"net_error_code", "error_value":"-21"}}
{"logTime": "0902/213402", "correlationVector":"QbI5OLSvks7XU99kVG3UwD.0","action":"GetUpdates Response", "result":"Network error (ERR_NETWORK_CHANGED)", "context":Received error: Network error (ERR_NETWORK_CHANGED). }
{"logTime": "0902/213404", "correlationVector":"exLr+JkgGiv0C5shNzKuP4","action":"Normal GetUpdate request", "result":"", "context":cV=exLr+JkgGiv0C5shNzKuP4
Notified types: History}
{"logTime": "0902/213406", "correlationVector":"exLr+JkgGiv0C5shNzKuP4.1","action":"SyncServerConnectionManagerRequest", "result":"SYNC_AUTH_ERROR", "context":{"environment":"Prod_germanywestcentral_prod-s01-011-eur-germanywestcentral", "migrationStage":"NotStarted", "server":"akswtt10300004h"}}
{"logTime": "0902/213406", "correlationVector":"exLr+JkgGiv0C5shNzKuP4.2","action":"GetUpdates Response", "result":"HTTP error (401)", "context":Received error: HTTP error (401). cV=exLr+JkgGiv0C5shNzKuP4.0;server=akswtt10300004h;cloudType=Undetermined;environment=Prod_germanywestcentral_prod-s01-011-eur-germanywestcentral;migrationStage=NotStarted}
{"logTime": "0902/213410", "correlationVector":"KU8+25M7uFMG1oYU/aRBVU","action":"Normal GetUpdate request", "result":"", "context":cV=KU8+25M7uFMG1oYU/aRBVU
Notified types: History}
{"logTime": "0902/213411", "correlationVector":"KU8+25M7uFMG1oYU/aRBVU.1","action":"SyncServerConnectionManagerRequest", "result":"SYNC_SERVER_OK", "context":{"environment":"Prod_germanywestcentral_prod-s01-011-eur-germanywestcentral", "migrationStage":"NotStarted", "server":"akswtt10300004e"}}
{"logTime": "0902/213411", "correlationVector":"KU8+25M7uFMG1oYU/aRBVU.2","action":"ProcessGetUpdates", "result":"Done", "context":{"dataType":"Sessions", "deleted":"0", "process_failed_to_decrypt":"0", "process_pending_decryption":"0", "process_success":"1", "total":"1"}}
{"logTime": "0902/213411", "correlationVector":"KU8+25M7uFMG1oYU/aRBVU.3","action":"ProcessGetUpdates", "result":"Done", "context":{"dataType":"History", "deleted":"0", "process_failed_to_decrypt":"0", "process_pending_decryption":"0", "process_success":"5", "total":"5"}}
{"logTime": "0902/213411", "correlationVector":"KU8+25M7uFMG1oYU/aRBVU.4","action":"GetUpdates Response", "result":"Success", "context":Received 6 update(s). cV=KU8+25M7uFMG1oYU/aRBVU.0;server=akswtt10300004e;cloudType=Consumer;environment=Prod_germanywestcentral_prod-s01-011-eur-germanywestcentral;migrationStage=NotStarted}
{"logTime": "0902/213455", "correlationVector":"sj0uh6aiPgJ7oAVzy7Emxq","action":"Normal GetUpdate request", "result":"", "context":cV=sj0uh6aiPgJ7oAVzy7Emxq
Notified types: History}
{"logTime": "0902/213456", "correlationVector":"sj0uh6aiPgJ7oAVzy7Emxq.1","action":"SyncServerConnectionManagerRequest", "result":"SYNC_SERVER_OK", "context":{"environment":"Prod_germanywestcentral_prod-s01-011-eur-germanywestcentral", "migrationStage":"NotStarted", "server":"akswtt10300004r"}}
{"logTime": "0902/213456", "correlationVector":"sj0uh6aiPgJ7oAVzy7Emxq.2","action":"ProcessGetUpdates", "result":"Done", "context":{"dataType":"Sessions", "deleted":"0", "process_failed_to_decrypt":"0", "process_pending_decryption":"0", "process_success":"1", "total":"1"}}
{"logTime": "0902/213456", "correlationVector":"sj0uh6aiPgJ7oAVzy7Emxq.3","action":"ProcessGetUpdates", "result":"Done", "context":{"dataType":"History", "deleted":"0", "process_failed_to_decrypt":"0", "process_pending_decryption":"0", "process_success":"2", "total":"2"}}
{"logTime": "0902/213456", "correlationVector":"sj0uh6aiPgJ7oAVzy7Emxq.4","action":"GetUpdates Response", "result":"Success", "context":Received 3 update(s). cV=sj0uh6aiPgJ7oAVzy7Emxq.0;server=akswtt10300004r;cloudType=Consumer;environment=Prod_germanywestcentral_prod-s01-011-eur-germanywestcentral;migrationStage=NotStarted}
{"logTime": "0903/070529", "correlationVector":"AWs6G82Jb26LYupFZY826Q","action":"Poll GetUpdate request", "result":"", "context":cV=AWs6G82Jb26LYupFZY826Q}
{"logTime": "0903/070529", "correlationVector":"AWs6G82Jb26LYupFZY826Q.1","action":"SyncServerConnectionManagerRequest", "result":"SYNC_SERVER_OK", "context":{"environment":"Prod_westeurope_prod-s01-079-eur-westeurope", "migrationStage":"NotStarted", "server":"akswtt00400002j"}}
{"logTime": "0903/070529", "correlationVector":"AWs6G82Jb26LYupFZY826Q.2","action":"GetUpdates Response", "result":"Success", "context":Received 0 update(s). cV=AWs6G82Jb26LYupFZY826Q.0;server=akswtt00400002j;cloudType=Consumer;environment=Prod_westeurope_prod-s01-079-eur-westeurope;migrationStage=NotStarted}
{"logTime": "0903/073253", "correlationVector":"ktFWQAjqp0p4M6yF6t2IqL","action":"Commit Request", "result":"", "context":Item count: 1
Contributing types: Device Info}
{"logTime": "0903/073254", "correlationVector":"ktFWQAjqp0p4M6yF6t2IqL.1","action":"SyncServerConnectionManagerRequest", "result":"SYNC_SERVER_OK", "context":{"environment":"Prod_westeurope_prod-s01-080-eur-westeurope", "migrationStage":"NotStarted", "server":"akswtt00400006w"}}
{"logTime": "0903/073254", "correlationVector":"ktFWQAjqp0p4M6yF6t2IqL.2","action":"Commit Response", "result":"Success", "context":Result: Success. cV=ktFWQAjqp0p4M6yF6t2IqL.0;server=akswtt00400006w;cloudType=Consumer;environment=Prod_westeurope_prod-s01-080-eur-westeurope;migrationStage=NotStarted}
{"logTime": "0903/073357", "correlationVector":"AXQYgROiVW2/goWdQmc551","action":"Normal GetUpdate request", "result":"", "context":cV=AXQYgROiVW2/goWdQmc551
Notified types: History}
{"logTime": "0903/073358", "correlationVector":"AXQYgROiVW2/goWdQmc551.1","action":"SyncServerConnectionManagerRequest", "result":"SYNC_SERVER_OK", "context":{"environment":"Prod_germanywestcentral_prod-s01-010-eur-germanywestcentral", "migrationStage":"NotStarted", "server":"akswtt004000000"}}
{"logTime": "0903/073358", "correlationVector":"AXQYgROiVW2/goWdQmc551.2","action":"ProcessGetUpdates", "result":"Done", "context":{"dataType":"Sessions", "deleted":"0", "process_failed_to_decrypt":"0", "process_pending_decryption":"0", "process_success":"1", "total":"1"}}
{"logTime": "0903/073358", "correlationVector":"AXQYgROiVW2/goWdQmc551.3","action":"ProcessGetUpdates", "result":"Done", "context":{"dataType":"Device Info", "deleted":"0", "process_failed_to_decrypt":"0", "process_pending_decryption":"0", "process_success":"1", "total":"1"}}
{"logTime": "0903/073358", "correlationVector":"AXQYgROiVW2/goWdQmc551.4","action":"ProcessGetUpdates", "result":"Done", "context":{"dataType":"History", "deleted":"0", "process_failed_to_decrypt":"0", "process_pending_decryption":"0", "process_success":"2", "total":"2"}}
{"logTime": "0903/073358", "correlationVector":"AXQYgROiVW2/goWdQmc551.5","action":"GetUpdates Response", "result":"Success", "context":Received 4 update(s). cV=AXQYgROiVW2/goWdQmc551.0;server=akswtt004000000;cloudType=Consumer;environment=Prod_germanywestcentral_prod-s01-010-eur-germanywestcentral;migrationStage=NotStarted}
{"logTime": "0903/105438", "correlationVector":"4Rx7BPEfjKDjKunqV8LHGg","action":"Normal GetUpdate request", "result":"", "context":cV=4Rx7BPEfjKDjKunqV8LHGg
Nudged types: Sessions
Notified types: Device Info, History}
{"logTime": "0903/105439", "correlationVector":"4Rx7BPEfjKDjKunqV8LHGg.1","action":"SyncServerConnectionManagerRequest", "result":"SYNC_SERVER_OK", "context":{"environment":"Prod_westeurope_prod-s01-080-eur-westeurope", "migrationStage":"NotStarted", "server":"akswtt00400006q"}}
{"logTime": "0903/105439", "correlationVector":"4Rx7BPEfjKDjKunqV8LHGg.2","action":"ProcessGetUpdates", "result":"Done", "context":{"dataType":"Sessions", "deleted":"0", "process_failed_to_decrypt":"0", "process_pending_decryption":"0", "process_success":"9", "total":"9"}}
{"logTime": "0903/105439", "correlationVector":"4Rx7BPEfjKDjKunqV8LHGg.3","action":"ProcessGetUpdates", "result":"Done", "context":{"dataType":"Device Info", "deleted":"0", "process_failed_to_decrypt":"0", "process_pending_decryption":"0", "process_success":"1", "total":"1"}}
{"logTime": "0903/105439", "correlationVector":"4Rx7BPEfjKDjKunqV8LHGg.4","action":"ProcessGetUpdates", "result":"Done", "context":{"dataType":"History", "deleted":"0", "process_failed_to_decrypt":"0", "process_pending_decryption":"0", "process_success":"7", "total":"7"}}
{"logTime": "0903/105439", "correlationVector":"4Rx7BPEfjKDjKunqV8LHGg.5","action":"GetUpdates Response", "result":"Success", "context":Received 17 update(s). cV=4Rx7BPEfjKDjKunqV8LHGg.0;server=akswtt00400006q;cloudType=Consumer;environment=Prod_westeurope_prod-s01-080-eur-westeurope;migrationStage=NotStarted}
{"logTime": "0903/105439", "correlationVector":"b3RY3MwqcadyjRgT9ROA9b","action":"Commit Request", "result":"", "context":Item count: 1
Contributing types: Sessions}
{"logTime": "0903/105439", "correlationVector":"b3RY3MwqcadyjRgT9ROA9b.1","action":"SyncServerConnectionManagerRequest", "result":"SYNC_SERVER_OK", "context":{"environment":"Prod_westeurope_prod-s01-080-eur-westeurope", "migrationStage":"NotStarted", "server":"akswtt004000008"}}
{"logTime": "0903/105439", "correlationVector":"b3RY3MwqcadyjRgT9ROA9b.2","action":"Commit Response", "result":"Success", "context":Result: Success. cV=b3RY3MwqcadyjRgT9ROA9b.0;server=akswtt004000008;cloudType=Consumer;environment=Prod_westeurope_prod-s01-080-eur-westeurope;migrationStage=NotStarted}
